Archive member included to satisfy reference by file (symbol)

e:/work/meig/ec618/ec618_sdk_rel_sdk/plat/tools/gcc/bin/../lib/gcc/arm-none-eabi/10.2.1/../../../../arm-none-eabi/lib/thumb/v7-m/nofp\libc_nano.a(lib_a-exit.o)
                              e:/work/meig/ec618/ec618_sdk_rel_sdk/plat/tools/gcc/bin/../lib/gcc/arm-none-eabi/10.2.1/../../../../arm-none-eabi/lib/thumb/v7-m/nofp/crt0.o (exit)
e:/work/meig/ec618/ec618_sdk_rel_sdk/plat/tools/gcc/bin/../lib/gcc/arm-none-eabi/10.2.1/../../../../arm-none-eabi/lib/thumb/v7-m/nofp\libc_nano.a(lib_a-impure.o)
                              e:/work/meig/ec618/ec618_sdk_rel_sdk/plat/tools/gcc/bin/../lib/gcc/arm-none-eabi/10.2.1/../../../../arm-none-eabi/lib/thumb/v7-m/nofp\libc_nano.a(lib_a-exit.o) (_global_impure_ptr)
e:/work/meig/ec618/ec618_sdk_rel_sdk/plat/tools/gcc/bin/../lib/gcc/arm-none-eabi/10.2.1/../../../../arm-none-eabi/lib/thumb/v7-m/nofp\libc_nano.a(lib_a-init.o)
                              e:/work/meig/ec618/ec618_sdk_rel_sdk/plat/tools/gcc/bin/../lib/gcc/arm-none-eabi/10.2.1/../../../../arm-none-eabi/lib/thumb/v7-m/nofp/crt0.o (__libc_init_array)
e:/work/meig/ec618/ec618_sdk_rel_sdk/plat/tools/gcc/bin/../lib/gcc/arm-none-eabi/10.2.1/../../../../arm-none-eabi/lib/thumb/v7-m/nofp\libc_nano.a(lib_a-memset.o)
                              e:/work/meig/ec618/ec618_sdk_rel_sdk/plat/tools/gcc/bin/../lib/gcc/arm-none-eabi/10.2.1/../../../../arm-none-eabi/lib/thumb/v7-m/nofp/crt0.o (memset)
../../../../../../../PLAT/gccout/ec618_0h00/ap/bootloader/lib/libstartup.a(prec_init.o)
                              (--whole-archive)
../../../../../../../PLAT/gccout/ec618_0h00/ap/bootloader/lib/libstartup.a(syscalls.o)
                              (--whole-archive)
../../../../../../../PLAT/gccout/ec618_0h00/ap/bootloader/lib/libstartup.a(system_ec618.o)
                              (--whole-archive)
../../../../../../../PLAT/gccout/ec618_0h00/ap/bootloader/lib/libstartup.a(startup_ec618_gcc.o)
                              (--whole-archive)
../../../../../../../PLAT/gccout/ec618_0h00/ap/bootloader/lib/libdriver.a(plat_config.o)
                              (--whole-archive)
../../../../../../../PLAT/gccout/ec618_0h00/ap/bootloader/lib/libdriver.a(es8388.o)
                              (--whole-archive)
../../../../../../../PLAT/gccout/ec618_0h00/ap/bootloader/lib/libdriver.a(nau88c22.o)
                              (--whole-archive)
../../../../../../../PLAT/gccout/ec618_0h00/ap/bootloader/lib/libdriver.a(es8311.o)
                              (--whole-archive)
../../../../../../../PLAT/gccout/ec618_0h00/ap/bootloader/lib/libdriver.a(codecDrv.o)
                              (--whole-archive)
../../../../../../../PLAT/gccout/ec618_0h00/ap/bootloader/lib/libdriver.a(ntc.o)
                              (--whole-archive)
../../../../../../../PLAT/gccout/ec618_0h00/ap/bootloader/lib/libdriver.a(drv_odm_gpio.o)
                              (--whole-archive)
../../../../../../../PLAT/gccout/ec618_0h00/ap/bootloader/lib/libdriver.a(hal_pwrkey.o)
                              (--whole-archive)
../../../../../../../PLAT/gccout/ec618_0h00/ap/bootloader/lib/libdriver.a(hal_misc.o)
                              (--whole-archive)
../../../../../../../PLAT/gccout/ec618_0h00/ap/bootloader/lib/libdriver.a(ec_string.o)
                              (--whole-archive)
../../../../../../../PLAT/gccout/ec618_0h00/ap/bootloader/lib/libdriver.a(hal_i2s.o)
                              (--whole-archive)
../../../../../../../PLAT/gccout/ec618_0h00/ap/bootloader/lib/libdriver.a(bsp_usart.o)
                              (--whole-archive)
../../../../../../../PLAT/gccout/ec618_0h00/ap/bootloader/lib/libdriver.a(gpio.o)
                              (--whole-archive)
../../../../../../../PLAT/gccout/ec618_0h00/ap/bootloader/lib/libdriver.a(pad.o)
                              (--whole-archive)
../../../../../../../PLAT/gccout/ec618_0h00/ap/bootloader/lib/libdriver.a(i2s.o)
                              (--whole-archive)
../../../../../../../PLAT/gccout/ec618_0h00/ap/bootloader/lib/libdriver.a(wdt.o)
                              (--whole-archive)
../../../../../../../PLAT/gccout/ec618_0h00/ap/bootloader/lib/libdriver.a(oneWire.o)
                              (--whole-archive)
../../../../../../../PLAT/gccout/ec618_0h00/ap/bootloader/lib/libdriver.a(clock.o)
                              (--whole-archive)
../../../../../../../PLAT/gccout/ec618_0h00/ap/bootloader/lib/libdriver.a(usbd_proc_cb_custom.o)
                              (--whole-archive)
../../../../../../../PLAT/gccout/ec618_0h00/ap/bootloader/lib/libdriver.a(usbd_multi_usrcfg_custom.o)
                              (--whole-archive)
../../../../../../../PLAT/gccout/ec618_0h00/ap/bootloader/lib/libdriver.a(usb_bl_api.o)
                              (--whole-archive)
../../../../../../../PLAT/gccout/ec618_0h00/ap/bootloader/lib/libdriver.a(usb_bl_test.o)
                              (--whole-archive)
[...]
Memory Configuration

Name             Origin             Length             Attributes
ASMB_AREA_REMAP  0x00000000         0x00010000         xrw
ASMB_AREA_UNREMAP 0x00100000         0x00010000         xrw
MSMB_AREA        0x00400000         0x00140000         xrw
FLASH_AREA       0x00804000         0x00280000         xr
*default*        0x00000000         0xffffffff

Linker script and memory map

LOAD e:/work/meig/ec618/ec618_sdk_rel_sdk/plat/tools/gcc/bin/../lib/gcc/arm-none-eabi/10.2.1/thumb/v7-m/nofp/crti.o
LOAD e:/work/meig/ec618/ec618_sdk_rel_sdk/plat/tools/gcc/bin/../lib/gcc/arm-none-eabi/10.2.1/thumb/v7-m/nofp/crtbegin.o
LOAD e:/work/meig/ec618/ec618_sdk_rel_sdk/plat/tools/gcc/bin/../lib/gcc/arm-none-eabi/10.2.1/../../../../arm-none-eabi/lib/thumb/v7-m/nofp/crt0.o
LOAD e:/work/meig/ec618/ec618_sdk_rel_sdk/plat/tools/gcc/bin/../lib/gcc/arm-none-eabi/10.2.1/../../../../arm-none-eabi/lib/thumb/v7-m/nofp\libc_nano.a
LOAD e:/work/meig/ec618/ec618_sdk_rel_sdk/plat/tools/gcc/bin/../lib/gcc/arm-none-eabi/10.2.1/../../../../arm-none-eabi/lib/thumb/v7-m/nofp\libm.a
LOAD ../../../../../../../PLAT/gccout/ec618_0h00/ap/bootloader/PLAT/project/ec618_0h00/ap/apps/bootloader/code/main/ec_main.o
LOAD ../../../../../../../PLAT/gccout/ec618_0h00/ap/bootloader/PLAT/project/ec618_0h00/ap/apps/bootloader/code/except/exception_handler.o
LOAD ../../../../../../../PLAT/gccout/ec618_0h00/ap/bootloader/PLAT/project/ec618_0h00/ap/apps/bootloader/code/main/stub_os.o
LOAD ../../../../../../../PLAT/gccout/ec618_0h00/ap/bootloader/PLAT/middleware/developed/fota/custom/src/fota_entry.o
LOAD ../../../../../../../PLAT/gccout/ec618_0h00/ap/bootloader/PLAT/middleware/developed/fota/custom/src/fota_utils.o
LOAD ../../../../../../../PLAT/gccout/ec618_0h00/ap/bootloader/PLAT/middleware/developed/fota/custom/src/fota_nvm.o
LOAD ../../../../../../../PLAT/gccout/ec618_0h00/ap/bootloader/PLAT/middleware/developed/fota/custom/src/fota_mem.o
LOAD ../../../../../../../PLAT/gccout/ec618_0h00/ap/bootloader/PLAT/middleware/developed/fota/custom/src/fota_chksum.o
LOAD ../../../../../../../PLAT/gccout/ec618_0h00/ap/bootloader/PLAT/middleware/developed/fota/custom/src/fota_custom.o
START GROUP
LOAD ../../../../../../../PLAT/gccout/ec618_0h00/ap/bootloader/lib/libstartup.a
LOAD ../../../../../../../PLAT/gccout/ec618_0h00/ap/bootloader/lib/libdriver.a
LOAD ../../../../../../../PLAT/gccout/ec618_0h00/ap/bootloader/lib/libmiddleware_ec.a
LOAD ../../../../../../../PLAT/prebuild/PLAT/lib/gcc/libbootloader.a
LOAD ../../../../../../../PLAT/prebuild/PLAT/lib/gcc/libosa.a
LOAD ../../../../../../../PLAT/prebuild/PLAT/lib/gcc/libmiddleware_ec_private.a
LOAD ../../../../../../../PLAT/prebuild/PLAT/lib/gcc/libccio.a
LOAD ../../../../../../../PLAT/prebuild/PLAT/lib/gcc/libdeltapatch.a
LOAD ../../../../../../../PLAT/prebuild/PLAT/lib/gcc/libfota.a
LOAD ../../../../../../../PLAT/prebuild/PLAT/lib/gcc/libdriver_private_bl.a
LOAD ../../../../../../../PLAT/prebuild/PLAT/lib/gcc/libusbbl_priv.a
END GROUP
START GROUP
LOAD e:/work/meig/ec618/ec618_sdk_rel_sdk/plat/tools/gcc/bin/../lib/gcc/arm-none-eabi/10.2.1/thumb/v7-m/nofp\libgcc.a
LOAD e:/work/meig/ec618/ec618_sdk_rel_sdk/plat/tools/gcc/bin/../lib/gcc/arm-none-eabi/10.2.1/../../../../arm-none-eabi/lib/thumb/v7-m/nofp\libc_nano.a
END GROUP
START GROUP
LOAD e:/work/meig/ec618/ec618_sdk_rel_sdk/plat/tools/gcc/bin/../lib/gcc/arm-none-eabi/10.2.1/thumb/v7-m/nofp\libgcc.a
LOAD e:/work/meig/ec618/ec618_sdk_rel_sdk/plat/tools/gcc/bin/../lib/gcc/arm-none-eabi/10.2.1/../../../../arm-none-eabi/lib/thumb/v7-m/nofp\libc_nano.a
END GROUP
LOAD e:/work/meig/ec618/ec618_sdk_rel_sdk/plat/tools/gcc/bin/../lib/gcc/arm-none-eabi/10.2.1/thumb/v7-m/nofp/crtend.o
LOAD e:/work/meig/ec618/ec618_sdk_rel_sdk/plat/tools/gcc/bin/../lib/gcc/arm-none-eabi/10.2.1/thumb/v7-m/nofp/crtn.o

.vector         0x00804000       0x7c
 *(.isr_vector)
 .isr_vector    0x00804000       0x7c ../../../../../../../PLAT/gccout/ec618_0h00/ap/bootloader/lib/libstartup.a(startup_ec618_gcc.o)
                0x00804000                __isr_vector

.ap_iram_xip_start
                0x00101000       0x38 load address 0x0080407c
                0x00101000                . = ALIGN (0x4)
                0x0080407c                Load$$AP_IRAM_XIP_START$$Base = LOADADDR (.ap_iram_xip_start)
                0x00101000                Image$$AP_IRAM_XIP_START$$Base = .
 *(.XIPStartRamCode)
 .XIPStartRamCode
                0x00101000       0x38 ../../../../../../../PLAT/gccout/ec618_0h00/ap/bootloader/lib/libstartup.a(system_ec618.o)
                0x00101000                QSPI_FLASH_Init_FastInApRam
                0x00101038                . = ALIGN (0x4)
                0x00000038                Image$$AP_IRAM_XIP_START$$Length = SIZEOF (.ap_iram_xip_start)

.load_iram_pre1
                0x00002000       0x34 load address 0x008040b4
                0x00002000                . = ALIGN (0x4)
                0x008040b4                Load$$LOAD_IRAM_PRE1$$Base = LOADADDR (.load_iram_pre1)
                0x00002000                Image$$LOAD_IRAM_PRE1$$Base = .
 *(.platBootRamcodeFCLK)
 .platBootRamcodeFCLK
                0x00002000       0x32 ../../../../../../../PLAT/gccout/ec618_0h00/ap/bootloader/lib/libstartup.a(system_ec618.o)
                0x00002000                HAL_QSPI_Set_Clk_68M_BOOTQUICK
                0x00002034                . = ALIGN (0x4)
 *fill*         0x00002032        0x2 
                0x00000034                Image$$LOAD_IRAM_PRE1$$Length = SIZEOF (.load_iram_pre1)

.load_iram_pre2
                0x00003000      0xd8c load address 0x008040e8
                0x00003000                . = ALIGN (0x4)
                0x008040e8                Load$$LOAD_IRAM_PRE2$$Base = LOADADDR (.load_iram_pre2)
                0x00003000                Image$$LOAD_IRAM_PRE2$$Base = .
 *(.pre2RamCode)
 .pre2RamCode   0x00003000       0x34 ../../../../../../../PLAT/prebuild/PLAT/lib/gcc/libbootloader.a(bl_bsp.o)
                0x00003000                SystemNormalBootInit
                0x00003016                SystemWakeUpBootInit
 *(.platPARamcode)
 .platPARamcode
                0x00003034       0x28 ../../../../../../../PLAT/gccout/ec618_0h00/ap/bootloader/lib/libdriver.a(hal_misc.o)
                0x0000303c                delay_us
 .platPARamcode
                0x0000305c      0x348 ../../../../../../../PLAT/gccout/ec618_0h00/ap/bootloader/lib/libdriver.a(bsp_usart.o)
                0x0000309c                USART_Receive
                0x000031f0                USART_GetRxCount
                0x00003218                USART_IRQHandler
                0x0000338c                USART0_IRQHandler
                0x00003398                USART1_IRQHandler
 .platPARamcode
                0x000033a4      0x18a ../../../../../../../PLAT/gccout/ec618_0h00/ap/bootloader/lib/libdriver.a(clock.o)
                0x000033a4                CLOCK_Trace
                0x000033a6                CLOCK_clockEnable
                0x0000345e                CLOCK_clockDisable
                0x000034ea                CLOCK_clockReset
 .platPARamcode
                0x0000352e       0x70 ../../../../../../../PLAT/prebuild/PLAT/lib/gcc/libdriver_private_bl.a(flash.o)
                0x0000352e                QSPI_CheckQEnFlag
                0x00003568                BSP_QSPI_XIP_Mode_Enable
                0x00003594                BSP_QSPI_XIP_Mode_Disable
 .platPARamcode
                0x0000359e       0xaa ../../../../../../../PLAT/prebuild/PLAT/lib/gcc/libdriver_private_bl.a(ic.o)
                0x0000359e                XIC_IntLogOut
                0x000035a0                XIC_IntHandler
 .platPARamcode
                0x00003648      0x1fe ../../../../../../../PLAT/prebuild/PLAT/lib/gcc/libdriver_private_bl.a(gpr.o)
                0x00003648                GPR_clockEnable
                0x00003682                GPR_clockEnableCheck
                0x000036ca                GPR_clockDisable
                0x00003706                GPR_setFlashClockSrc
                0x00003734                GPR_setFlashClockDiv
                0x00003764                GPR_flashClockEnable
                0x0000378e                GPR_flashClockDisable
                0x000037b8                GPR_flashSWReset
                0x000037e4                GPR_unilogSWReset
 .platPARamcode
                0x00003846      0x1e8 ../../../../../../../PLAT/prebuild/PLAT/lib/gcc/libdriver_private_bl.a(dma.o)
                0x00003984                DMA_loadChannelDescriptorAndRun
                0x000039d0                DMA_setDescriptorTransferLen
                0x000039dc                DMA_stopChannelNoWait
 *qspi.o(.text*)
 .text.QSPI_Frame_Config
                0x00003a2e       0x38 ../../../../../../../PLAT/prebuild/PLAT/lib/gcc/libdriver_private_bl.a(qspi.o)
 .text.QSPI_WaitSpecFlagUntilTimeout
                0x00003a66       0x66 ../../../../../../../PLAT/prebuild/PLAT/lib/gcc/libdriver_private_bl.a(qspi.o)
 .text.HAL_QSPI_Init
                0x00003acc       0x46 ../../../../../../../PLAT/prebuild/PLAT/lib/gcc/libdriver_private_bl.a(qspi.o)
                0x00003acc                HAL_QSPI_Init
 .text.HAL_QSPI_Command
                0x00003b12       0x6e ../../../../../../../PLAT/prebuild/PLAT/lib/gcc/libdriver_private_bl.a(qspi.o)
                0x00003b12                HAL_QSPI_Command
 .text.HAL_QSPI_Transmit
                0x00003b80       0xee ../../../../../../../PLAT/prebuild/PLAT/lib/gcc/libdriver_private_bl.a(qspi.o)
                0x00003b80                HAL_QSPI_Transmit
 .text.HAL_QSPI_Receive
                0x00003c6e       0xb8 ../../../../../../../PLAT/prebuild/PLAT/lib/gcc/libdriver_private_bl.a(qspi.o)
                0x00003c6e                HAL_QSPI_Receive
 .text.HAL_QSPI_XIP_Enable
                0x00003d26       0x38 ../../../../../../../PLAT/prebuild/PLAT/lib/gcc/libdriver_private_bl.a(qspi.o)
                0x00003d26                HAL_QSPI_XIP_Enable
 .text.HAL_QSPI_Config
                0x00003d5e       0x2e ../../../../../../../PLAT/prebuild/PLAT/lib/gcc/libdriver_private_bl.a(qspi.o)
                0x00003d5e                HAL_QSPI_Config
                0x00003d8c                . = ALIGN (0x4)
                0x00000d8c                Image$$LOAD_IRAM_PRE2$$Length = SIZEOF (.load_iram_pre2)

.load_iram_usb  0x00400000     0x5dd0 load address 0x00804e74
                0x00400000                . = ALIGN (0x4)
                0x00804e74                Load$$LOAD_IRAM_USB$$Base = LOADADDR (.load_iram_usb)
                0x00400000                Image$$LOAD_IRAM_USB$$Base = .
 *usb*.o(.text* .rodata*)
 .rodata.usbcustom_product_str_desc.str1.1
                0x00400000       0x10 ../../../../../../../PLAT/gccout/ec618_0h00/ap/bootloader/lib/libdriver.a(usbd_proc_cb_custom.o)
 .text.usbcustom_product_str_desc
                0x00400010        0xa ../../../../../../../PLAT/gccout/ec618_0h00/ap/bootloader/lib/libdriver.a(usbd_proc_cb_custom.o)
                0x00400010                usbcustom_product_str_desc
 .rodata.usbcustom_manufacture_str_desc.str1.1
                0x0040001a        0xa ../../../../../../../PLAT/gccout/ec618_0h00/ap/bootloader/lib/libdriver.a(usbd_proc_cb_custom.o)
 .text.usbcustom_manufacture_str_desc
                0x00400024        0xa ../../../../../../../PLAT/gccout/ec618_0h00/ap/bootloader/lib/libdriver.a(usbd_proc_cb_custom.o)
                0x00400024                usbcustom_manufacture_str_desc
 .rodata.usbcustom_ser_str_desc.str1.1
                0x0040002e        0xd ../../../../../../../PLAT/gccout/ec618_0h00/ap/bootloader/lib/libdriver.a(usbd_proc_cb_custom.o)
 *fill*         0x0040003b        0x1 
 .text.usbcustom_ser_str_desc
                0x0040003c        0xa ../../../../../../../PLAT/gccout/ec618_0h00/ap/bootloader/lib/libdriver.a(usbd_proc_cb_custom.o)
                0x0040003c                usbcustom_ser_str_desc
 .rodata.usbcustom_cfg_str_desc.str1.1
                0x00400046        0xd ../../../../../../../PLAT/gccout/ec618_0h00/ap/bootloader/lib/libdriver.a(usbd_proc_cb_custom.o)
 *fill*         0x00400053        0x1 
 .text.usbcustom_cfg_str_desc
                0x00400054        0xa ../../../../../../../PLAT/gccout/ec618_0h00/ap/bootloader/lib/libdriver.a(usbd_proc_cb_custom.o)
                0x00400054                usbcustom_cfg_str_desc
 .rodata.usbcustom_intf_str_desc.str1.1
                0x0040005e       0x10 ../../../../../../../PLAT/gccout/ec618_0h00/ap/bootloader/lib/libdriver.a(usbd_proc_cb_custom.o)
 .text.usbcustom_intf_str_desc
                0x0040006e        0xa ../../../../../../../PLAT/gccout/ec618_0h00/ap/bootloader/lib/libdriver.a(usbd_proc_cb_custom.o)
                0x0040006e                usbcustom_intf_str_desc
 .text.usbcustom_cfg_remote_wkup_bit
                0x00400078        0x4 ../../../../../../../PLAT/gccout/ec618_0h00/ap/bootloader/lib/libdriver.a(usbd_proc_cb_custom.o)
                0x00400078                usbcustom_cfg_remote_wkup_bit
 .text.usbcustom_cfg_self_powered_bit
                0x0040007c        0x4 ../../../../../../../PLAT/gccout/ec618_0h00/ap/bootloader/lib/libdriver.a(usbd_proc_cb_custom.o)
                0x0040007c                usbcustom_cfg_self_powered_bit
 .text.usbcustom_cfg_max_power
                0x00400080        0x4 ../../../../../../../PLAT/gccout/ec618_0h00/ap/bootloader/lib/libdriver.a(usbd_proc_cb_custom.o)
                0x00400080                usbcustom_cfg_max_power
 .text.udev_notify_init
                0x00400084        0x2 ../../../../../../../PLAT/gccout/ec618_0h00/ap/bootloader/lib/libdriver.a(usbd_proc_cb_custom.o)
                0x00400084                udev_notify_init
 .text.udev_notify_device_reset
                0x00400086        0x2 ../../../../../../../PLAT/gccout/ec618_0h00/ap/bootloader/lib/libdriver.a(usbd_proc_cb_custom.o)
                0x00400086                udev_notify_device_reset
 .text.udev_notify_device_config
                0x00400088        0x2 ../../../../../../../PLAT/gccout/ec618_0h00/ap/bootloader/lib/libdriver.a(usbd_proc_cb_custom.o)
                0x00400088                udev_notify_device_config
 .text.udev_notify_device_suspend
                0x0040008a        0x2 ../../../../../../../PLAT/gccout/ec618_0h00/ap/bootloader/lib/libdriver.a(usbd_proc_cb_custom.o)
                0x0040008a                udev_notify_device_suspend
 .text.udev_notify_device_resume
                0x0040008c        0x2 ../../../../../../../PLAT/gccout/ec618_0h00/ap/bootloader/lib/libdriver.a(usbd_proc_cb_custom.o)
                0x0040008c                udev_notify_device_resume
 .text.udev_notify_device_connect
                0x0040008e        0x2 ../../../../../../../PLAT/gccout/ec618_0h00/ap/bootloader/lib/libdriver.a(usbd_proc_cb_custom.o)
                0x0040008e                udev_notify_device_connect
 .text.udev_notify_device_disconnect
                0x00400090        0x2 ../../../../../../../PLAT/gccout/ec618_0h00/ap/bootloader/lib/libdriver.a(usbd_proc_cb_custom.o)
                0x00400090                udev_notify_device_disconnect
 .text.udev_set_last_err
                0x00400092        0xc ../../../../../../../PLAT/gccout/ec618_0h00/ap/bootloader/lib/libdriver.a(usbd_proc_cb_custom.o)
                0x00400092                udev_set_last_err
 .text.udev_get_last_err
                0x0040009e        0xc ../../../../../../../PLAT/gccout/ec618_0h00/ap/bootloader/lib/libdriver.a(usbd_proc_cb_custom.o)
                0x0040009e                udev_get_last_err
 .text.usbcustom_epin_id_map
                0x004000aa       0x12 ../../../../../../../PLAT/gccout/ec618_0h00/ap/bootloader/lib/libdriver.a(usbd_multi_usrcfg_custom.o)
                0x004000aa                usbcustom_epin_id_map
 .text.usbcustom_epout_id_map
                0x004000bc        0x4 ../../../../../../../PLAT/gccout/ec618_0h00/ap/bootloader/lib/libdriver.a(usbd_multi_usrcfg_custom.o)
                0x004000bc                usbcustom_epout_id_map
 .text.usbcustom_multidev_ccinfo_maprst
                0x004000c0       0x94 ../../../../../../../PLAT/gccout/ec618_0h00/ap/bootloader/lib/libdriver.a(usbd_multi_usrcfg_custom.o)
                0x004000c0                usbcustom_multidev_ccinfo_maprst
 .text.usbcustom_multidev_ccinfo_map
                0x00400154       0xd6 ../../../../../../../PLAT/gccout/ec618_0h00/ap/bootloader/lib/libdriver.a(usbd_multi_usrcfg_custom.o)
                0x00400154                usbcustom_multidev_ccinfo_map
 .text.usbcustom_multidev_cfg_reset
                0x0040022a       0x38 ../../../../../../../PLAT/gccout/ec618_0h00/ap/bootloader/lib/libdriver.a(usbd_multi_usrcfg_custom.o)
                0x0040022a                usbcustom_multidev_cfg_reset
 .text.usbcustom_multidev_cfg_update
                0x00400262        0xa ../../../../../../../PLAT/gccout/ec618_0h00/ap/bootloader/lib/libdriver.a(usbd_multi_usrcfg_custom.o)
                0x00400262                usbcustom_multidev_cfg_update
 .text.usbcustom_multidev_cfg_end
                0x0040026c       0x22 ../../../../../../../PLAT/gccout/ec618_0h00/ap/bootloader/lib/libdriver.a(usbd_multi_usrcfg_custom.o)
                0x0040026c                usbcustom_multidev_cfg_end
 .rodata.usbcustom_multidev_strdesc.str1.1
                0x0040028e        0x8 ../../../../../../../PLAT/gccout/ec618_0h00/ap/bootloader/lib/libdriver.a(usbd_multi_usrcfg_custom.o)
 .text.usbcustom_multidev_strdesc
                0x00400296       0x22 ../../../../../../../PLAT/gccout/ec618_0h00/ap/bootloader/lib/libdriver.a(usbd_multi_usrcfg_custom.o)
                0x00400296                usbcustom_multidev_strdesc
 .text.usbcustom_multidev_cmndesc
                0x004002b8       0x3c ../../../../../../../PLAT/gccout/ec618_0h00/ap/bootloader/lib/libdriver.a(usbd_multi_usrcfg_custom.o)
                0x004002b8                usbcustom_multidev_cmndesc
 .text.usbcustom_multidev_ctrl_proc
                0x004002f4        0xc ../../../../../../../PLAT/gccout/ec618_0h00/ap/bootloader/lib/libdriver.a(usbd_multi_usrcfg_custom.o)
                0x004002f4                usbcustom_multidev_ctrl_proc
 .rodata.str1.1
                0x00400300       0x31 ../../../../../../../PLAT/gccout/ec618_0h00/ap/bootloader/lib/libdriver.a(usbd_multi_usrcfg_custom.o)
 *fill*         0x00400331        0x3 
 .rodata.CSWTCH.16
                0x00400334       0x18 ../../../../../../../PLAT/gccout/ec618_0h00/ap/bootloader/lib/libdriver.a(usbd_multi_usrcfg_custom.o)
 .rodata.epin_remap_custom_tbl
                0x0040034c        0xd ../../../../../../../PLAT/gccout/ec618_0h00/ap/bootloader/lib/libdriver.a(usbd_multi_usrcfg_custom.o)
                0x0040034c                epin_remap_custom_tbl
 .rodata.epout_remap_custom_tbl
                0x00400359        0xd ../../../../../../../PLAT/gccout/ec618_0h00/ap/bootloader/lib/libdriver.a(usbd_multi_usrcfg_custom.o)
                0x00400359                epout_remap_custom_tbl
 .text.vcomdbg_hex
                0x00400366       0x26 ../../../../../../../PLAT/gccout/ec618_0h00/ap/bootloader/lib/libdriver.a(usb_bl_api.o)
                0x00400366                vcomdbg_hex
 .text.vcomdbg_str
                0x0040038c       0x12 ../../../../../../../PLAT/gccout/ec618_0h00/ap/bootloader/lib/libdriver.a(usb_bl_api.o)
                0x0040038c                vcomdbg_str
 .rodata.vcomdbg_str_and_hex.str1.1
                0x0040039e       0x31 ../../../../../../../PLAT/gccout/ec618_0h00/ap/bootloader/lib/libdriver.a(usb_bl_api.o)
                                  0x3 (size before relaxing)
 .text.vcomdbg_str_and_hex
                0x0040039e       0x1e ../../../../../../../PLAT/gccout/ec618_0h00/ap/bootloader/lib/libdriver.a(usb_bl_api.o)
                0x0040039e                vcomdbg_str_and_hex
 .text.vcom_app_delay
                0x004003bc       0x2c ../../../../../../../PLAT/gccout/ec618_0h00/ap/bootloader/lib/libdriver.a(usb_bl_api.o)
                0x004003bc                vcom_app_delay
 .rodata.vcom_app_send_proc.str1.1
                0x004003e8       0x7a ../../../../../../../PLAT/gccout/ec618_0h00/ap/bootloader/lib/libdriver.a(usb_bl_api.o)
 .text.vcom_app_send_proc
                0x00400462       0xb8 ../../../../../../../PLAT/gccout/ec618_0h00/ap/bootloader/lib/libdriver.a(usb_bl_api.o)
                0x00400462                vcom_app_send_proc
 .text.usbd_clsdev_bind_func
                0x0040051a       0x2e ../../../../../../../PLAT/prebuild/PLAT/lib/gcc/libusbbl_priv.a(usbd_clsdev.o)
                0x0040051a                usbd_clsdev_bind_func
 .text.usbd_clsdev_unbind_func
                0x00400548       0x2c ../../../../../../../PLAT/prebuild/PLAT/lib/gcc/libusbbl_priv.a(usbd_clsdev.o)
                0x00400548                usbd_clsdev_unbind_func
 .text.usbd_clsdev_earlyinit
                0x00400574       0x9e ../../../../../../../PLAT/prebuild/PLAT/lib/gcc/libusbbl_priv.a(usbd_clsdev.o)
                0x00400574                usbd_clsdev_earlyinit
 .text.usbd_clsdev_terminate
                0x00400612       0x7a ../../../../../../../PLAT/prebuild/PLAT/lib/gcc/libusbbl_priv.a(usbd_clsdev.o)
                0x00400612                usbd_clsdev_terminate
 .text.usbd_func_retwkup_restore
                0x0040068c       0x24 ../../../../../../../PLAT/prebuild/PLAT/lib/gcc/libusbbl_priv.a(usbd_clsdev.o)
                0x0040068c                usbd_func_retwkup_restore
 .text.usbd_clsdev_retwkup_restore
                0x004006b0       0x2a ../../../../../../../PLAT/prebuild/PLAT/lib/gcc/libusbbl_priv.a(usbd_clsdev.o)
                0x004006b0                usbd_clsdev_retwkup_restore
 .text.usbd_multi_get_string_byid
                0x004006da       0x22 ../../../../../../../PLAT/prebuild/PLAT/lib/gcc/libusbbl_priv.a(usbd_funclib.o)
                0x004006da                usbd_multi_get_string_byid
 .text.list_insert_before.constprop.0
                0x004006fc       0x1a ../../../../../../../PLAT/prebuild/PLAT/lib/gcc/libusbbl_priv.a(usbd_funclib.o)
 .text.list_init.constprop.0
                0x00400716       0x12 ../../../../../../../PLAT/prebuild/PLAT/lib/gcc/libusbbl_priv.a(usbd_funclib.o)
 .text.usbd_glb_info_init
                0x00400728       0x2e ../../../../../../../PLAT/prebuild/PLAT/lib/gcc/libusbbl_priv.a(usbd_funclib.o)
                0x00400728                usbd_glb_info_init
 .text.usbd_early_init_finsih
                0x00400756        0xe ../../../../../../../PLAT/prebuild/PLAT/lib/gcc/libusbbl_priv.a(usbd_funclib.o)
                0x00400756                usbd_early_init_finsih
 .text.usbd_interface_id
                0x00400764       0x16 ../../../../../../../PLAT/prebuild/PLAT/lib/gcc/libusbbl_priv.a(usbd_funclib.o)
                0x00400764                usbd_interface_id
 .text.usbd_string_id
                0x0040077a       0x18 ../../../../../../../PLAT/prebuild/PLAT/lib/gcc/libusbbl_priv.a(usbd_funclib.o)
                0x0040077a                usbd_string_id
 .text.usbd_multi_strings_add_node
                0x00400792        0x4 ../../../../../../../PLAT/prebuild/PLAT/lib/gcc/libusbbl_priv.a(usbd_funclib.o)
                0x00400792                usbd_multi_strings_add_node
 .text.usbd_multi_lib_alloc_ep
                0x00400796       0x48 ../../../../../../../PLAT/prebuild/PLAT/lib/gcc/libusbbl_priv.a(usbd_funclib.o)
                0x00400796                usbd_multi_lib_alloc_ep
 .text.usbd_multi_ep_id_map
                0x004007de       0x10 ../../../../../../../PLAT/prebuild/PLAT/lib/gcc/libusbbl_priv.a(usbd_funclib.o)
                0x004007de                usbd_multi_ep_id_map
 .text.usbd_multi_alloc_ep
                0x004007ee       0x1a ../../../../../../../PLAT/prebuild/PLAT/lib/gcc/libusbbl_priv.a(usbd_funclib.o)
                0x004007ee                usbd_multi_alloc_ep
 .text.match_epinfo_bitmap
                0x00400808        0x8 ../../../../../../../PLAT/prebuild/PLAT/lib/gcc/libusbbl_priv.a(usbd_funclib.o)
                0x00400808                match_epinfo_bitmap
 .text.usbd_multi_loadrec_ep_maxpkt
                0x00400810       0x3c ../../../../../../../PLAT/prebuild/PLAT/lib/gcc/libusbbl_priv.a(usbd_funclib.o)
                0x00400810                usbd_multi_loadrec_ep_maxpkt
 .text.usbd_multi_ep_to_funcidx
                0x0040084c       0x34 ../../../../../../../PLAT/prebuild/PLAT/lib/gcc/libusbbl_priv.a(usbd_funclib.o)
                0x0040084c                usbd_multi_ep_to_funcidx
 .text.usbd_multi_func_get_ep_bitmap
                0x00400880       0x72 ../../../../../../../PLAT/prebuild/PLAT/lib/gcc/libusbbl_priv.a(usbd_funclib.o)
                0x00400880                usbd_multi_func_get_ep_bitmap
 .text.usbd_multi_get_usb_func_tblentry
                0x004008f2       0x14 ../../../../../../../PLAT/prebuild/PLAT/lib/gcc/libusbbl_priv.a(usbd_funclib.o)
                0x004008f2                usbd_multi_get_usb_func_tblentry
 .text.usbd_multi_update_bindinfo
                0x00400906      0x140 ../../../../../../../PLAT/prebuild/PLAT/lib/gcc/libusbbl_priv.a(usbd_funclib.o)
                0x00400906                usbd_multi_update_bindinfo
 .text.usbd_multi_get_intf_num
                0x00400a46       0x2c ../../../../../../../PLAT/prebuild/PLAT/lib/gcc/libusbbl_priv.a(usbd_funclib.o)
                0x00400a46                usbd_multi_get_intf_num
 .text.usbd_multi_usb_func_from_intf
                0x00400a72       0x32 ../../../../../../../PLAT/prebuild/PLAT/lib/gcc/libusbbl_priv.a(usbd_funclib.o)
                0x00400a72                usbd_multi_usb_func_from_intf
 .text.usbd_multi_usb_func_from_ep
                0x00400aa4       0x6e ../../../../../../../PLAT/prebuild/PLAT/lib/gcc/libusbbl_priv.a(usbd_funclib.o)
                0x00400aa4                usbd_multi_usb_func_from_ep
 .text.usbd_multi_usb_func_find_nm_id
                0x00400b12       0x2c ../../../../../../../PLAT/prebuild/PLAT/lib/gcc/libusbbl_priv.a(usbd_funclib.o)
                0x00400b12                usbd_multi_usb_func_find_nm_id
 .text.usbd_multi_func_idx_init
                0x00400b3e       0x1a ../../../../../../../PLAT/prebuild/PLAT/lib/gcc/libusbbl_priv.a(usbd_funclib.o)
                0x00400b3e                usbd_multi_func_idx_init
 .text.usbc_register_ep_type
                0x00400b58       0x40 ../../../../../../../PLAT/prebuild/PLAT/lib/gcc/libusbbl_priv.a(usbd_funclib.o)
                0x00400b58                usbc_register_ep_type
 .text.usbc_get_ep_type
                0x00400b98       0x2e ../../../../../../../PLAT/prebuild/PLAT/lib/gcc/libusbbl_priv.a(usbd_funclib.o)
                0x00400b98                usbc_get_ep_type
 .text.rndis_iso_in_incomplete
                0x00400bc6        0x4 ../../../../../../../PLAT/prebuild/PLAT/lib/gcc/libusbbl_priv.a(usbd_multi.o)
 .text.rndis_iso_out_incomplete
                0x00400bca        0x4 ../../../../../../../PLAT/prebuild/PLAT/lib/gcc/libusbbl_priv.a(usbd_multi.o)
 .text.usbd_multi_sof
                0x00400bce       0x26 ../../../../../../../PLAT/prebuild/PLAT/lib/gcc/libusbbl_priv.a(usbd_multi.o)
 .text.usbd_multi_deinit
                0x00400bf4       0x2e ../../../../../../../PLAT/prebuild/PLAT/lib/gcc/libusbbl_priv.a(usbd_multi.o)
 .text.usbd_multi_init
                0x00400c22       0x2e ../../../../../../../PLAT/prebuild/PLAT/lib/gcc/libusbbl_priv.a(usbd_multi.o)
 .text.usbd_multi_reset
                0x00400c50       0x2c ../../../../../../../PLAT/prebuild/PLAT/lib/gcc/libusbbl_priv.a(usbd_multi.o)
 .text.usbd_multi_data_out
                0x00400c7c       0x2a ../../../../../../../PLAT/prebuild/PLAT/lib/gcc/libusbbl_priv.a(usbd_multi.o)
 .text.usbd_multi_data_in
                0x00400ca6       0x2a ../../../../../../../PLAT/prebuild/PLAT/lib/gcc/libusbbl_priv.a(usbd_multi.o)
 .text.usbd_multi_setup
                0x00400cd0       0x36 ../../../../../../../PLAT/prebuild/PLAT/lib/gcc/libusbbl_priv.a(usbd_multi.o)
 .text.usbd_multi_static_retwkup_restore
                0x00400d06        0x4 ../../../../../../../PLAT/prebuild/PLAT/lib/gcc/libusbbl_priv.a(usbd_multi.o)
 .text.usbd_multi_static_terminate
                0x00400d0a        0x4 ../../../../../../../PLAT/prebuild/PLAT/lib/gcc/libusbbl_priv.a(usbd_multi.o)
 .text.usbd_multi_static_earlyinit
                0x00400d0e        0x4 ../../../../../../../PLAT/prebuild/PLAT/lib/gcc/libusbbl_priv.a(usbd_multi.o)
 .text.usbd_multi_fill_configdesc.constprop.0.isra.0
                0x00400d12       0xa6 ../../../../../../../PLAT/prebuild/PLAT/lib/gcc/libusbbl_priv.a(usbd_multi.o)
 .text.usbd_multi_get_cfg
                0x00400db8       0x1c ../../../../../../../PLAT/prebuild/PLAT/lib/gcc/libusbbl_priv.a(usbd_multi.o)
 .text.usbd_multi_fill_otherconfigdesc.constprop.0.isra.0
                0x00400dd4       0xa6 ../../../../../../../PLAT/prebuild/PLAT/lib/gcc/libusbbl_priv.a(usbd_multi.o)
 .text.usbd_multi_get_othercfg
                0x00400e7a       0x1c ../../../../../../../PLAT/prebuild/PLAT/lib/gcc/libusbbl_priv.a(usbd_multi.o)
 .text.GetSetupReqPtr
                0x00400e96        0xa ../../../../../../../PLAT/prebuild/PLAT/lib/gcc/libusbbl_priv.a(usbd_multi.o)
                0x00400e96                GetSetupReqPtr
 .text.usbd_multi_ep0_dataout_stage_comp
                0x00400ea0       0x24 ../../../../../../../PLAT/prebuild/PLAT/lib/gcc/libusbbl_priv.a(usbd_multi.o)
 .text.usbd_multi_ep0_datain_stage_comp
                0x00400ec4       0x4a ../../../../../../../PLAT/prebuild/PLAT/lib/gcc/libusbbl_priv.a(usbd_multi.o)
 .text.usbd_multi_get_ulog_cls
                0x00400f0e       0x1c ../../../../../../../PLAT/prebuild/PLAT/lib/gcc/libusbbl_priv.a(usbd_multi_usrcfg_lib.o)
                0x00400f0e                usbd_multi_get_ulog_cls
 .text.usbd_multi_set_ulog_cls
                0x00400f2a       0x22 ../../../../../../../PLAT/prebuild/PLAT/lib/gcc/libusbbl_priv.a(usbd_multi_usrcfg_lib.o)
                0x00400f2a                usbd_multi_set_ulog_cls
 .text.CheckUSBNetEnumDis
                0x00400f4c        0x6 ../../../../../../../PLAT/prebuild/PLAT/lib/gcc/libusbbl_priv.a(usbd_multi_usrcfg_lib.o)
                0x00400f4c                CheckUSBNetEnumDis
 .text.CheckUSBNetEnumMux
                0x00400f52        0x6 ../../../../../../../PLAT/prebuild/PLAT/lib/gcc/libusbbl_priv.a(usbd_multi_usrcfg_lib.o)
                0x00400f52                CheckUSBNetEnumMux
 .text.usbd_mdev_load_reset
                0x00400f58       0x4e ../../../../../../../PLAT/prebuild/PLAT/lib/gcc/libusbbl_priv.a(usbd_multi_usrcfg_lib.o)
                0x00400f58                usbd_mdev_load_reset
 .text.usbd_mdev_loadelem_swap
                0x00400fa6       0x18 ../../../../../../../PLAT/prebuild/PLAT/lib/gcc/libusbbl_priv.a(usbd_multi_usrcfg_lib.o)
                0x00400fa6                usbd_mdev_loadelem_swap
 .text.usbd_mdev_func_fill
                0x00400fbe       0x84 ../../../../../../../PLAT/prebuild/PLAT/lib/gcc/libusbbl_priv.a(usbd_multi_usrcfg_lib.o)
                0x00400fbe                usbd_mdev_func_fill
 .text.usbd_mdev_ccinst_fill
                0x00401042       0xb6 ../../../../../../../PLAT/prebuild/PLAT/lib/gcc/libusbbl_priv.a(usbd_multi_usrcfg_lib.o)
                0x00401042                usbd_mdev_ccinst_fill
 .rodata.usbd_mdev_custom_filter_fill.str1.1
                0x004010f8        0xa ../../../../../../../PLAT/prebuild/PLAT/lib/gcc/libusbbl_priv.a(usbd_multi_usrcfg_lib.o)
 .text.usbd_mdev_custom_filter_fill
                0x004010f8       0xf2 ../../../../../../../PLAT/prebuild/PLAT/lib/gcc/libusbbl_priv.a(usbd_multi_usrcfg_lib.o)
                0x004010f8                usbd_mdev_custom_filter_fill
 .text.usbd_mdev_load_update
                0x004011ea      0x104 ../../../../../../../PLAT/prebuild/PLAT/lib/gcc/libusbbl_priv.a(usbd_multi_usrcfg_lib.o)
                0x004011ea                usbd_mdev_load_update
 .text.usbd_mdev_load_end
                0x004012ee       0x30 ../../../../../../../PLAT/prebuild/PLAT/lib/gcc/libusbbl_priv.a(usbd_multi_usrcfg_lib.o)
                0x004012ee                usbd_mdev_load_end
 .text.usbd_mdev_clstype_fill
                0x0040131e       0x74 ../../../../../../../PLAT/prebuild/PLAT/lib/gcc/libusbbl_priv.a(usbd_multi_usrcfg_lib.o)
                0x0040131e                usbd_mdev_clstype_fill
 .text.usbd_mdev_bind_update
                0x00401392       0x26 ../../../../../../../PLAT/prebuild/PLAT/lib/gcc/libusbbl_priv.a(usbd_multi_usrcfg_lib.o)
                0x00401392                usbd_mdev_bind_update
 .text.usbd_multi_lib_usrcfg_global_init
                0x004013b8       0x54 ../../../../../../../PLAT/prebuild/PLAT/lib/gcc/libusbbl_priv.a(usbd_multi_usrcfg_lib.o)
                0x004013b8                usbd_multi_lib_usrcfg_global_init
 .text.usbd_multi_lib_usrcfg_clstype_bind
                0x0040140c       0x16 ../../../../../../../PLAT/prebuild/PLAT/lib/gcc/libusbbl_priv.a(usbd_multi_usrcfg_lib.o)
                0x0040140c                usbd_multi_lib_usrcfg_clstype_bind
 .text.usbd_multi_lib_strdesc_cb
                0x00401422        0xc ../../../../../../../PLAT/prebuild/PLAT/lib/gcc/libusbbl_priv.a(usbd_multi_usrcfg_lib.o)
                0x00401422                usbd_multi_lib_strdesc_cb
 .text.usbd_multi_lib_cmndesc_cb
                0x0040142e        0xc ../../../../../../../PLAT/prebuild/PLAT/lib/gcc/libusbbl_priv.a(usbd_multi_usrcfg_lib.o)
                0x0040142e                usbd_multi_lib_cmndesc_cb
 .text.usbd_multi_lib_clsdev_cb
                0x0040143a        0xc ../../../../../../../PLAT/prebuild/PLAT/lib/gcc/libusbbl_priv.a(usbd_multi_usrcfg_lib.o)
                0x0040143a                usbd_multi_lib_clsdev_cb
 .text.usbd_multi_lib_get_func_clstype
                0x00401446       0x30 ../../../../../../../PLAT/prebuild/PLAT/lib/gcc/libusbbl_priv.a(usbd_multi_usrcfg_lib.o)
                0x00401446                usbd_multi_lib_get_func_clstype
 .text.usbd_multi_lib_set_strdesc_para
                0x00401476       0x1c ../../../../../../../PLAT/prebuild/PLAT/lib/gcc/libusbbl_priv.a(usbd_multi_usrcfg_lib.o)
                0x00401476                usbd_multi_lib_set_strdesc_para
 .text.usbd_multi_lib_set_cmndesc_para
                0x00401492       0x1a ../../../../../../../PLAT/prebuild/PLAT/lib/gcc/libusbbl_priv.a(usbd_multi_usrcfg_lib.o)
                0x00401492                usbd_multi_lib_set_cmndesc_para
 .text.usbd_multi_libcall_strdesc
                0x004014ac        0x4 ../../../../../../../PLAT/prebuild/PLAT/lib/gcc/libusbbl_priv.a(usbd_multi_usrcfg_lib.o)
                0x004014ac                usbd_multi_libcall_strdesc
 .text.usbd_multi_libcall_cmndesc
                0x004014b0       0x10 ../../../../../../../PLAT/prebuild/PLAT/lib/gcc/libusbbl_priv.a(usbd_multi_usrcfg_lib.o)
                0x004014b0                usbd_multi_libcall_cmndesc
 .text.usbd_multi_libcall_clsdev_ctrl
                0x004014c0       0x38 ../../../../../../../PLAT/prebuild/PLAT/lib/gcc/libusbbl_priv.a(usbd_multi_usrcfg_lib.o)
                0x004014c0                usbd_multi_libcall_clsdev_ctrl
 .rodata.str1.1
                0x004014f8       0x18 ../../../../../../../PLAT/prebuild/PLAT/lib/gcc/libusbbl_priv.a(usbd_multi_usrcfg_lib.o)
 .rodata.t_multidev_map_res_info
                0x004014f8       0x54 ../../../../../../../PLAT/prebuild/PLAT/lib/gcc/libusbbl_priv.a(usbd_multi_usrcfg_lib.o)
                0x004014f8                t_multidev_map_res_info
 .text.get_dev_descriptor
                0x0040154c        0xe ../../../../../../../PLAT/prebuild/PLAT/lib/gcc/libusbbl_priv.a(usbd_proc_cb_lib.o)
                0x0040154c                get_dev_descriptor
 .text.get_lang_id_desc
                0x0040155a        0xe ../../../../../../../PLAT/prebuild/PLAT/lib/gcc/libusbbl_priv.a(usbd_proc_cb_lib.o)
                0x0040155a                get_lang_id_desc
 .text.get_qulifier_desc
                0x00401568        0xe ../../../../../../../PLAT/prebuild/PLAT/lib/gcc/libusbbl_priv.a(usbd_proc_cb_lib.o)
                0x00401568                get_qulifier_desc
 .rodata.get_product_str_desc.str1.1
                0x00401576       0x10 ../../../../../../../PLAT/prebuild/PLAT/lib/gcc/libusbbl_priv.a(usbd_proc_cb_lib.o)
 .text.get_product_str_desc
                0x00401576       0x36 ../../../../../../../PLAT/prebuild/PLAT/lib/gcc/libusbbl_priv.a(usbd_proc_cb_lib.o)
                0x00401576                get_product_str_desc
 .text.get_misc_str_desc
                0x004015ac       0x34 ../../../../../../../PLAT/prebuild/PLAT/lib/gcc/libusbbl_priv.a(usbd_proc_cb_lib.o)
                0x004015ac                get_misc_str_desc
 .text.get_manufacture_str_desc
                0x004015e0       0x1c ../../../../../../../PLAT/prebuild/PLAT/lib/gcc/libusbbl_priv.a(usbd_proc_cb_lib.o)
                0x004015e0                get_manufacture_str_desc
 .rodata.get_ser_str_desc.str1.1
                0x004015fc        0xd ../../../../../../../PLAT/prebuild/PLAT/lib/gcc/libusbbl_priv.a(usbd_proc_cb_lib.o)
 .text.get_ser_str_desc
                0x004015fc       0x36 ../../../../../../../PLAT/prebuild/PLAT/lib/gcc/libusbbl_priv.a(usbd_proc_cb_lib.o)
                0x004015fc                get_ser_str_desc
 .rodata.get_cfg_str_desc.str1.1
                0x00401632        0xd ../../../../../../../PLAT/prebuild/PLAT/lib/gcc/libusbbl_priv.a(usbd_proc_cb_lib.o)
 .text.get_cfg_str_desc
                0x00401632       0x36 ../../../../../../../PLAT/prebuild/PLAT/lib/gcc/libusbbl_priv.a(usbd_proc_cb_lib.o)
                0x00401632                get_cfg_str_desc
 .rodata.get_intf_str_desc.str1.1
                0x00401668       0x10 ../../../../../../../PLAT/prebuild/PLAT/lib/gcc/libusbbl_priv.a(usbd_proc_cb_lib.o)
 .text.get_intf_str_desc
                0x00401668       0x36 ../../../../../../../PLAT/prebuild/PLAT/lib/gcc/libusbbl_priv.a(usbd_proc_cb_lib.o)
                0x00401668                get_intf_str_desc
 .text.get_udev_desc_cb_ops
                0x0040169e        0xa ../../../../../../../PLAT/prebuild/PLAT/lib/gcc/libusbbl_priv.a(usbd_proc_cb_lib.o)
                0x0040169e                get_udev_desc_cb_ops
 .text.get_udev_notify_cb_ops
                0x004016a8        0xa ../../../../../../../PLAT/prebuild/PLAT/lib/gcc/libusbbl_priv.a(usbd_proc_cb_lib.o)
                0x004016a8                get_udev_notify_cb_ops
 .text.usbd_register_misc_str_func
                0x004016b2        0xc ../../../../../../../PLAT/prebuild/PLAT/lib/gcc/libusbbl_priv.a(usbd_proc_cb_lib.o)
                0x004016b2                usbd_register_misc_str_func
 .text.get_cfg_remote_wkup_bit
                0x004016be        0x4 ../../../../../../../PLAT/prebuild/PLAT/lib/gcc/libusbbl_priv.a(usbd_proc_cb_lib.o)
                0x004016be                get_cfg_remote_wkup_bit
 .text.get_cfg_self_powered_bit
                0x004016c2        0x4 ../../../../../../../PLAT/prebuild/PLAT/lib/gcc/libusbbl_priv.a(usbd_proc_cb_lib.o)
                0x004016c2                get_cfg_self_powered_bit
 .text.get_cfg_max_power
                0x004016c6        0x4 ../../../../../../../PLAT/prebuild/PLAT/lib/gcc/libusbbl_priv.a(usbd_proc_cb_lib.o)
                0x004016c6                get_cfg_max_power
 .text.SW32K_Tick_Get_CurrentVal
                0x004016ca        0xa ../../../../../../../PLAT/prebuild/PLAT/lib/gcc/libusbbl_priv.a(usb_bl_cmsis_support.o)
 .text.check_common_timeout
                0x004016d4       0x26 ../../../../../../../PLAT/prebuild/PLAT/lib/gcc/libusbbl_priv.a(usb_bl_cmsis_support.o)
                0x004016d4                check_common_timeout
 .text.raw_event_flags_iserror
                0x004016fa        0xc ../../../../../../../PLAT/prebuild/PLAT/lib/gcc/libusbbl_priv.a(usb_bl_cmsis_support.o)
                0x004016fa                raw_event_flags_iserror
 .text.raw_set_event_flags
                0x00401706       0x18 ../../../../../../../PLAT/prebuild/PLAT/lib/gcc/libusbbl_priv.a(usb_bl_cmsis_support.o)
                0x00401706                raw_set_event_flags
 .text.raw_clear_event_flags
                0x0040171e       0x1a ../../../../../../../PLAT/prebuild/PLAT/lib/gcc/libusbbl_priv.a(usb_bl_cmsis_support.o)
                0x0040171e                raw_clear_event_flags
 .text.raw_get_event_flags
                0x00401738        0xe ../../../../../../../PLAT/prebuild/PLAT/lib/gcc/libusbbl_priv.a(usb_bl_cmsis_support.o)
                0x00401738                raw_get_event_flags
 .text.raw_wait_event_flags
                0x00401746       0x98 ../../../../../../../PLAT/prebuild/PLAT/lib/gcc/libusbbl_priv.a(usb_bl_cmsis_support.o)
                0x00401746                raw_wait_event_flags
 .text.usbc_ctrl_clr_ep0stg_notcmpl
                0x004017de       0x12 ../../../../../../../PLAT/prebuild/PLAT/lib/gcc/libusbbl_priv.a(usbc_ctrl.o)
 .text.usbc_ctrl_get_ep0stg_notcmpl
                0x004017f0       0x10 ../../../../../../../PLAT/prebuild/PLAT/lib/gcc/libusbbl_priv.a(usbc_ctrl.o)
 .text.usbc_ctrl_enable_common_intr
                0x00401800       0x1c ../../../../../../../PLAT/prebuild/PLAT/lib/gcc/libusbbl_priv.a(usbc_ctrl.o)
 .text.usbc_ctrl_soft_reset.isra.0
                0x0040181c       0x68 ../../../../../../../PLAT/prebuild/PLAT/lib/gcc/libusbbl_priv.a(usbc_ctrl.o)
 .text.usbc_ctrl_soft_disconnect
                0x00401884       0x14 ../../../../../../../PLAT/prebuild/PLAT/lib/gcc/libusbbl_priv.a(usbc_ctrl.o)
                0x00401884                usbc_ctrl_soft_disconnect
 .text.usbc_ctrl_ep_wr_pkt
                0x00401898       0x2e ../../../../../../../PLAT/prebuild/PLAT/lib/gcc/libusbbl_priv.a(usbc_ctrl.o)
                0x00401898                usbc_ctrl_ep_wr_pkt
 .text.usbc_ctrl_rd_pkt
                0x004018c6       0x24 ../../../../../../../PLAT/prebuild/PLAT/lib/gcc/libusbbl_priv.a(usbc_ctrl.o)
                0x004018c6                usbc_ctrl_rd_pkt
 .text.usbc_ctrl_initpara_by_opts
                0x004018ea       0x4e ../../../../../../../PLAT/prebuild/PLAT/lib/gcc/libusbbl_priv.a(usbc_ctrl.o)
                0x004018ea                usbc_ctrl_initpara_by_opts
 .text.usbc_ctrl_core_init
                0x00401938       0x80 ../../../../../../../PLAT/prebuild/PLAT/lib/gcc/libusbbl_priv.a(usbc_ctrl.o)
                0x00401938                usbc_ctrl_core_init
 .text.usbc_ctrl_flush_txfifo
                0x004019b8       0x42 ../../../../../../../PLAT/prebuild/PLAT/lib/gcc/libusbbl_priv.a(usbc_ctrl.o)
                0x004019b8                usbc_ctrl_flush_txfifo
 .text.usbc_ctrl_flush_rxfifo
                0x004019fa       0x3a ../../../../../../../PLAT/prebuild/PLAT/lib/gcc/libusbbl_priv.a(usbc_ctrl.o)
                0x004019fa                usbc_ctrl_flush_rxfifo
 .text.usbc_ctrl_get_mode
                0x00401a34        0xc ../../../../../../../PLAT/prebuild/PLAT/lib/gcc/libusbbl_priv.a(usbc_ctrl.o)
                0x00401a34                usbc_ctrl_get_mode
 .text.usbc_ctrl_is_dev_mode
                0x00401a40        0xe ../../../../../../../PLAT/prebuild/PLAT/lib/gcc/libusbbl_priv.a(usbc_ctrl.o)
                0x00401a40                usbc_ctrl_is_dev_mode
 .text.usbc_ctrl_set_devspeed
                0x00401a4e       0x12 ../../../../../../../PLAT/prebuild/PLAT/lib/gcc/libusbbl_priv.a(usbc_ctrl.o)
                0x00401a4e                usbc_ctrl_set_devspeed
 .text.usbc_ctrl_cfg_fifo_hs_auto
                0x00401a60       0x7e ../../../../../../../PLAT/prebuild/PLAT/lib/gcc/libusbbl_priv.a(usbc_ctrl.o)
                0x00401a60                usbc_ctrl_cfg_fifo_hs_auto
 .text.usbc_ctrl_enable_dev_interrupts
                0x00401ade       0x42 ../../../../../../../PLAT/prebuild/PLAT/lib/gcc/libusbbl_priv.a(usbc_ctrl.o)
                0x00401ade                usbc_ctrl_enable_dev_interrupts
 .text.usbc_ctrl_core_dev_init
                0x00401b20       0xf8 ../../../../../../../PLAT/prebuild/PLAT/lib/gcc/libusbbl_priv.a(usbc_ctrl.o)
                0x00401b20                usbc_ctrl_core_dev_init
 .text.usbc_ctrl_get_dev_speed
                0x00401c18       0x1e ../../../../../../../PLAT/prebuild/PLAT/lib/gcc/libusbbl_priv.a(usbc_ctrl.o)
                0x00401c18                usbc_ctrl_get_dev_speed
 .text.usbc_ctrl_ep0_activate
                0x00401c36       0x30 ../../../../../../../PLAT/prebuild/PLAT/lib/gcc/libusbbl_priv.a(usbc_ctrl.o)
                0x00401c36                usbc_ctrl_ep0_activate
 .text.usbc_ctrl_ep_activate
                0x00401c66       0x86 ../../../../../../../PLAT/prebuild/PLAT/lib/gcc/libusbbl_priv.a(usbc_ctrl.o)
                0x00401c66                usbc_ctrl_ep_activate
 .text.usbc_ctrl_ep_deactivate
                0x00401cec       0x3e ../../../../../../../PLAT/prebuild/PLAT/lib/gcc/libusbbl_priv.a(usbc_ctrl.o)
                0x00401cec                usbc_ctrl_ep_deactivate
 .text.usbc_ctrl_ep_start_transfer
                0x00401d2a      0x128 ../../../../../../../PLAT/prebuild/PLAT/lib/gcc/libusbbl_priv.a(usbc_ctrl.o)
                0x00401d2a                usbc_ctrl_ep_start_transfer
 .text.usbc_ctrl_ep0_start_transfer
                0x00401e52       0xd2 ../../../../../../../PLAT/prebuild/PLAT/lib/gcc/libusbbl_priv.a(usbc_ctrl.o)
                0x00401e52                usbc_ctrl_ep0_start_transfer
 .text.usbc_ctrl_ep_set_stall
                0x00401f24       0x44 ../../../../../../../PLAT/prebuild/PLAT/lib/gcc/libusbbl_priv.a(usbc_ctrl.o)
                0x00401f24                usbc_ctrl_ep_set_stall
 .text.usbc_ctrl_ep_clear_stall
                0x00401f68       0x44 ../../../../../../../PLAT/prebuild/PLAT/lib/gcc/libusbbl_priv.a(usbc_ctrl.o)
                0x00401f68                usbc_ctrl_ep_clear_stall
 .text.usbc_ctrl_ep0_lowlvl_outstart
                0x00401fac       0x36 ../../../../../../../PLAT/prebuild/PLAT/lib/gcc/libusbbl_priv.a(usbc_ctrl.o)
                0x00401fac                usbc_ctrl_ep0_lowlvl_outstart
 .text.usbc_ctrl_ep0_norm_outstart
                0x00401fe2       0x18 ../../../../../../../PLAT/prebuild/PLAT/lib/gcc/libusbbl_priv.a(usbc_ctrl.o)
                0x00401fe2                usbc_ctrl_ep0_norm_outstart
 .text.usbc_ctrl_ep0_stagstat_outstart
                0x00401ffa        0x4 ../../../../../../../PLAT/prebuild/PLAT/lib/gcc/libusbbl_priv.a(usbc_ctrl.o)
                0x00401ffa                usbc_ctrl_ep0_stagstat_outstart
 .text.usbc_ctrl_clr_ep0stg_notcmpl
                0x00401ffe       0x12 ../../../../../../../PLAT/prebuild/PLAT/lib/gcc/libusbbl_priv.a(usbc_dev_if.o)
 .text.usbc_ctrl_set_devstat
                0x00402010        0xc ../../../../../../../PLAT/prebuild/PLAT/lib/gcc/libusbbl_priv.a(usbc_dev_if.o)
                0x00402010                usbc_ctrl_set_devstat
 .text.usbc_ctrl_get_devstat
                0x0040201c        0xc ../../../../../../../PLAT/prebuild/PLAT/lib/gcc/libusbbl_priv.a(usbc_dev_if.o)
                0x0040201c                usbc_ctrl_get_devstat
 .text.usbc_ctrl_dev_init
                0x00402028       0xb4 ../../../../../../../PLAT/prebuild/PLAT/lib/gcc/libusbbl_priv.a(usbc_dev_if.o)
                0x00402028                usbc_ctrl_dev_init
 .text.usbc_devif_ep_on
                0x004020dc       0x48 ../../../../../../../PLAT/prebuild/PLAT/lib/gcc/libusbbl_priv.a(usbc_dev_if.o)
                0x004020dc                usbc_devif_ep_on
 .text.usbc_devif_ep_off
                0x00402124       0x32 ../../../../../../../PLAT/prebuild/PLAT/lib/gcc/libusbbl_priv.a(usbc_dev_if.o)
                0x00402124                usbc_devif_ep_off
 .text.usbc_devif_prepare_ep_rxtran
                0x00402156       0x4a ../../../../../../../PLAT/prebuild/PLAT/lib/gcc/libusbbl_priv.a(usbc_dev_if.o)
                0x00402156                usbc_devif_prepare_ep_rxtran
 .text.usbc_devif_ep_tx
                0x004021a0       0x4e ../../../../../../../PLAT/prebuild/PLAT/lib/gcc/libusbbl_priv.a(usbc_dev_if.o)
                0x004021a0                usbc_devif_ep_tx
 .text.usbc_devif_get_oep_xfercnt
                0x004021ee       0x14 ../../../../../../../PLAT/prebuild/PLAT/lib/gcc/libusbbl_priv.a(usbc_dev_if.o)
                0x004021ee                usbc_devif_get_oep_xfercnt
 .text.usbc_devif_get_iep_maxpkt
                0x00402202       0x14 ../../../../../../../PLAT/prebuild/PLAT/lib/gcc/libusbbl_priv.a(usbc_dev_if.o)
                0x00402202                usbc_devif_get_iep_maxpkt
 .text.usbc_devif_ep_stall
                0x00402216       0x3a ../../../../../../../PLAT/prebuild/PLAT/lib/gcc/libusbbl_priv.a(usbc_dev_if.o)
                0x00402216                usbc_devif_ep_stall
 .text.usbc_devif_ep_clear_stall
                0x00402250       0x3a ../../../../../../../PLAT/prebuild/PLAT/lib/gcc/libusbbl_priv.a(usbc_dev_if.o)
                0x00402250                usbc_devif_ep_clear_stall
 .text.usbc_ctrl_dev_set_addr
                0x0040228a       0x16 ../../../../../../../PLAT/prebuild/PLAT/lib/gcc/libusbbl_priv.a(usbc_dev_if.o)
                0x0040228a                usbc_ctrl_dev_set_addr
 .text.usbc_ctrl_is_ep0stg_statin
                0x004022a0       0x14 ../../../../../../../PLAT/prebuild/PLAT/lib/gcc/libusbbl_priv.a(usbc_int.o)
 .text.usbc_ctrl_is_ep0stg_statout
                0x004022b4       0x14 ../../../../../../../PLAT/prebuild/PLAT/lib/gcc/libusbbl_priv.a(usbc_int.o)
 .text.usbc_ctrl_clr_ep0stg_notcmpl
                0x004022c8       0x12 ../../../../../../../PLAT/prebuild/PLAT/lib/gcc/libusbbl_priv.a(usbc_int.o)
 .text.usbc_proc_save_gintsts
                0x004022da        0xe ../../../../../../../PLAT/prebuild/PLAT/lib/gcc/libusbbl_priv.a(usbc_int.o)
 .text.usbc_proc_sof_intr
                0x004022e8       0x1c ../../../../../../../PLAT/prebuild/PLAT/lib/gcc/libusbbl_priv.a(usbc_int.o)
 .text.usbc_proc_isoin_incompl_intr
                0x00402304       0x1e ../../../../../../../PLAT/prebuild/PLAT/lib/gcc/libusbbl_priv.a(usbc_int.o)
 .text.usbc_proc_isoout_incompl_intr
                0x00402322       0x1e ../../../../../../../PLAT/prebuild/PLAT/lib/gcc/libusbbl_priv.a(usbc_int.o)
 .text.usbc_proc_outep_intr
                0x00402340      0x15e ../../../../../../../PLAT/prebuild/PLAT/lib/gcc/libusbbl_priv.a(usbc_int.o)
 .text.usbc_proc_resume_intr
                0x0040249e       0x54 ../../../../../../../PLAT/prebuild/PLAT/lib/gcc/libusbbl_priv.a(usbc_int.o)
 .text.usbc_proc_suspend_intr
                0x004024f2       0x70 ../../../../../../../PLAT/prebuild/PLAT/lib/gcc/libusbbl_priv.a(usbc_int.o)
 .text.usbc_proc_rxstat_queue_level_intr
                0x00402562       0x94 ../../../../../../../PLAT/prebuild/PLAT/lib/gcc/libusbbl_priv.a(usbc_int.o)
 .text.usbc_proc_enum_done_intr
                0x004025f6       0x4e ../../../../../../../PLAT/prebuild/PLAT/lib/gcc/libusbbl_priv.a(usbc_int.o)
 .text.usbc_write_empty_txfifo_org.isra.0
                0x00402644       0xc2 ../../../../../../../PLAT/prebuild/PLAT/lib/gcc/libusbbl_priv.a(usbc_int.o)
 .text.usbc_write_empty_txfifo.isra.0
                0x00402706        0x4 ../../../../../../../PLAT/prebuild/PLAT/lib/gcc/libusbbl_priv.a(usbc_int.o)
 .text.usbc_proc_inep_intr
                0x0040270a      0x114 ../../../../../../../PLAT/prebuild/PLAT/lib/gcc/libusbbl_priv.a(usbc_int.o)
 .text.usbc_prepare_reset_flush_all_inep
                0x0040281e       0xde ../../../../../../../PLAT/prebuild/PLAT/lib/gcc/libusbbl_priv.a(usbc_int.o)
                0x0040281e                usbc_prepare_reset_flush_all_inep
 .text.usbc_proc_reset_intr
                0x004028fc       0xfe ../../../../../../../PLAT/prebuild/PLAT/lib/gcc/libusbbl_priv.a(usbc_int.o)
 .text.usbc_dev_int_handler
                0x004029fa       0xaa ../../../../../../../PLAT/prebuild/PLAT/lib/gcc/libusbbl_priv.a(usbc_int.o)
                0x004029fa                usbc_dev_int_handler
 .text.SysTick_Get_CurrentVal
                0x00402aa4        0x8 ../../../../../../../PLAT/prebuild/PLAT/lib/gcc/libusbbl_priv.a(usbc_trace.o)
 .text.usbc_enum_trace_record
                0x00402aac       0x5e ../../../../../../../PLAT/prebuild/PLAT/lib/gcc/libusbbl_priv.a(usbc_trace.o)
                0x00402aac                usbc_enum_trace_record
 .text.usbc_iepoep_trace_record
                0x00402b0a        0x2 ../../../../../../../PLAT/prebuild/PLAT/lib/gcc/libusbbl_priv.a(usbc_trace.o)
                0x00402b0a                usbc_iepoep_trace_record
 .text.usbd_iep_trace_wrtxfifo
                0x00402b0c        0x2 ../../../../../../../PLAT/prebuild/PLAT/lib/gcc/libusbbl_priv.a(usbc_trace.o)
                0x00402b0c                usbd_iep_trace_wrtxfifo
 .text.usbc_trace_setup
                0x00402b0e       0x64 ../../../../../../../PLAT/prebuild/PLAT/lib/gcc/libusbbl_priv.a(usbc_trace.o)
                0x00402b0e                usbc_trace_setup
 .text.usbc_trace_iep_xfer
                0x00402b72        0x2 ../../../../../../../PLAT/prebuild/PLAT/lib/gcc/libusbbl_priv.a(usbc_trace.o)
                0x00402b72                usbc_trace_iep_xfer
 .text.usbd_enum_tick_arr_record
                0x00402b74        0x2 ../../../../../../../PLAT/prebuild/PLAT/lib/gcc/libusbbl_priv.a(usbc_trace.o)
                0x00402b74                usbd_enum_tick_arr_record
 .text.usbd_trace_ep0_setup_breakstage
                0x00402b76        0x2 ../../../../../../../PLAT/prebuild/PLAT/lib/gcc/libusbbl_priv.a(usbc_trace.o)
                0x00402b76                usbd_trace_ep0_setup_breakstage
 .text.usbd_set_mod_last_err
                0x00402b78        0x8 ../../../../../../../PLAT/prebuild/PLAT/lib/gcc/libusbbl_priv.a(usbc_trace.o)
                0x00402b78                usbd_set_mod_last_err
 .text.usbd_get_mod_last_err
                0x00402b80        0x4 ../../../../../../../PLAT/prebuild/PLAT/lib/gcc/libusbbl_priv.a(usbc_trace.o)
                0x00402b80                usbd_get_mod_last_err
 .text.usbc_ctrl_is_ep0stg_din
                0x00402b84       0x14 ../../../../../../../PLAT/prebuild/PLAT/lib/gcc/libusbbl_priv.a(usbpcd_proc.o)
 .text.usbc_ctrl_is_ep0stg_dout
                0x00402b98       0x14 ../../../../../../../PLAT/prebuild/PLAT/lib/gcc/libusbbl_priv.a(usbpcd_proc.o)
 .text.usbpcd_proc_resume_handler
                0x00402bac       0x1e ../../../../../../../PLAT/prebuild/PLAT/lib/gcc/libusbbl_priv.a(usbpcd_proc.o)
 .text.usbpcd_proc_suspend_handler
                0x00402bca       0x28 ../../../../../../../PLAT/prebuild/PLAT/lib/gcc/libusbbl_priv.a(usbpcd_proc.o)
 .text.usbpcd_proc_sof_handler
                0x00402bf2       0x18 ../../../../../../../PLAT/prebuild/PLAT/lib/gcc/libusbbl_priv.a(usbpcd_proc.o)
 .text.usbpcd_proc_isoin_incomplete_handler
                0x00402c0a       0x16 ../../../../../../../PLAT/prebuild/PLAT/lib/gcc/libusbbl_priv.a(usbpcd_proc.o)
 .text.usbpcd_proc_isoout_incomplete_handler
                0x00402c20       0x16 ../../../../../../../PLAT/prebuild/PLAT/lib/gcc/libusbbl_priv.a(usbpcd_proc.o)
 .text.usbpcd_proc_reset_handler
                0x00402c36       0x3c ../../../../../../../PLAT/prebuild/PLAT/lib/gcc/libusbbl_priv.a(usbpcd_proc.o)
 .text.usbpcd_proc_setup_handler
                0x00402c72       0x58 ../../../../../../../PLAT/prebuild/PLAT/lib/gcc/libusbbl_priv.a(usbpcd_proc.o)
 .text.usbpcd_proc_dataout_handler
                0x00402cca       0x82 ../../../../../../../PLAT/prebuild/PLAT/lib/gcc/libusbbl_priv.a(usbpcd_proc.o)
 .text.__NVIC_ClearPendingIRQ.constprop.0
                0x00402d4c       0x12 ../../../../../../../PLAT/prebuild/PLAT/lib/gcc/libusbbl_priv.a(usbpcd_proc.o)
 .text.usbpcd_proc_testmode.isra.0
                0x00402d5e       0x14 ../../../../../../../PLAT/prebuild/PLAT/lib/gcc/libusbbl_priv.a(usbpcd_proc.o)
 .text.usbpcd_proc_datain_handler
                0x00402d72       0xb0 ../../../../../../../PLAT/prebuild/PLAT/lib/gcc/libusbbl_priv.a(usbpcd_proc.o)
 .text.usbpcd_init
                0x00402e22       0x8e ../../../../../../../PLAT/prebuild/PLAT/lib/gcc/libusbbl_priv.a(usbpcd_proc.o)
                0x00402e22                usbpcd_init
 .text.usbpcd_deinit
                0x00402eb0       0x8e ../../../../../../../PLAT/prebuild/PLAT/lib/gcc/libusbbl_priv.a(usbpcd_proc.o)
                0x00402eb0                usbpcd_deinit
 .text.usbc_ctrl_set_ep0stg_setup
                0x00402f3e       0x18 ../../../../../../../PLAT/prebuild/PLAT/lib/gcc/libusbbl_priv.a(usbpcd_proc_api.o)
 .text.usbpcd_proc_getlen
                0x00402f56       0x10 ../../../../../../../PLAT/prebuild/PLAT/lib/gcc/libusbbl_priv.a(usbpcd_proc_api.o)
 .text.usbpcd_proc_set_feature
                0x00402f66       0x80 ../../../../../../../PLAT/prebuild/PLAT/lib/gcc/libusbbl_priv.a(usbpcd_proc_api.o)
 .text.usbpcd_proc_ctl_error.constprop.0
                0x00402fe6       0x16 ../../../../../../../PLAT/prebuild/PLAT/lib/gcc/libusbbl_priv.a(usbpcd_proc_api.o)
 .text.usbpcd_proc_clear_feature
                0x00402ffc       0x42 ../../../../../../../PLAT/prebuild/PLAT/lib/gcc/libusbbl_priv.a(usbpcd_proc_api.o)
 .text.usbpcd_proc_get_cfg
                0x0040303e       0x48 ../../../../../../../PLAT/prebuild/PLAT/lib/gcc/libusbbl_priv.a(usbpcd_proc_api.o)
 .text.usbpcd_proc_set_addr
                0x00403086       0x60 ../../../../../../../PLAT/prebuild/PLAT/lib/gcc/libusbbl_priv.a(usbpcd_proc_api.o)
 .text.usbpcd_proc_get_desc
                0x004030e6      0x15e ../../../../../../../PLAT/prebuild/PLAT/lib/gcc/libusbbl_priv.a(usbpcd_proc_api.o)
 .text.usbpcd_proc_get_dev_stat.isra.0
                0x00403244       0x5a ../../../../../../../PLAT/prebuild/PLAT/lib/gcc/libusbbl_priv.a(usbpcd_proc_api.o)
 .text.usbpcd_proc_standard_itfreq
                0x0040329e       0x36 ../../../../../../../PLAT/prebuild/PLAT/lib/gcc/libusbbl_priv.a(usbpcd_proc_api.o)
                0x0040329e                usbpcd_proc_standard_itfreq
 .text.usbpcd_proc_standard_epreq
                0x004032d4       0xd6 ../../../../../../../PLAT/prebuild/PLAT/lib/gcc/libusbbl_priv.a(usbpcd_proc_api.o)
                0x004032d4                usbpcd_proc_standard_epreq
 .text.usbpcd_proc_set_cfg_uplayer
                0x004033aa       0x1e ../../../../../../../PLAT/prebuild/PLAT/lib/gcc/libusbbl_priv.a(usbpcd_proc_api.o)
                0x004033aa                usbpcd_proc_set_cfg_uplayer
 .text.usbpcd_proc_clear_cfg_uplayer
                0x004033c8       0x16 ../../../../../../../PLAT/prebuild/PLAT/lib/gcc/libusbbl_priv.a(usbpcd_proc_api.o)
                0x004033c8                usbpcd_proc_clear_cfg_uplayer
 .text.usbpcd_proc_set_cfg.isra.0
                0x004033de       0x82 ../../../../../../../PLAT/prebuild/PLAT/lib/gcc/libusbbl_priv.a(usbpcd_proc_api.o)
 .text.usbpcd_proc_standard_devreq
                0x00403460       0x50 ../../../../../../../PLAT/prebuild/PLAT/lib/gcc/libusbbl_priv.a(usbpcd_proc_api.o)
                0x00403460                usbpcd_proc_standard_devreq
 .text.usbpcd_proc_parse_setupreq
                0x004034b0       0x3e ../../../../../../../PLAT/prebuild/PLAT/lib/gcc/libusbbl_priv.a(usbpcd_proc_api.o)
                0x004034b0                usbpcd_proc_parse_setupreq
 .text.usbpcd_proc_ctl_error
                0x004034ee       0x16 ../../../../../../../PLAT/prebuild/PLAT/lib/gcc/libusbbl_priv.a(usbpcd_proc_api.o)
                0x004034ee                usbpcd_proc_ctl_error
 .text.usbpcd_proc_get_string
                0x00403504       0x44 ../../../../../../../PLAT/prebuild/PLAT/lib/gcc/libusbbl_priv.a(usbpcd_proc_api.o)
                0x00403504                usbpcd_proc_get_string
 .text.usbc_ctrl_set_ep0stg_din
                0x00403548       0x18 ../../../../../../../PLAT/prebuild/PLAT/lib/gcc/libusbbl_priv.a(usbpcd_proc_req.o)
 .text.usbc_ctrl_set_ep0stg_dout
                0x00403560       0x18 ../../../../../../../PLAT/prebuild/PLAT/lib/gcc/libusbbl_priv.a(usbpcd_proc_req.o)
 .text.usbc_ctrl_set_ep0stg_statin
                0x00403578       0x18 ../../../../../../../PLAT/prebuild/PLAT/lib/gcc/libusbbl_priv.a(usbpcd_proc_req.o)
 .text.usbc_ctrl_set_ep0stg_statout
                0x00403590       0x18 ../../../../../../../PLAT/prebuild/PLAT/lib/gcc/libusbbl_priv.a(usbpcd_proc_req.o)
 .text.usbpcd_proc_clsctrl_send_data
                0x004035a8       0x2c ../../../../../../../PLAT/prebuild/PLAT/lib/gcc/libusbbl_priv.a(usbpcd_proc_req.o)
                0x004035a8                usbpcd_proc_clsctrl_send_data
 .text.usbpcd_proc_stdctrl_send_data
                0x004035d4       0x24 ../../../../../../../PLAT/prebuild/PLAT/lib/gcc/libusbbl_priv.a(usbpcd_proc_req.o)
                0x004035d4                usbpcd_proc_stdctrl_send_data
 .text.usbpcd_proc_ctrl_continuous_send
                0x004035f8       0x18 ../../../../../../../PLAT/prebuild/PLAT/lib/gcc/libusbbl_priv.a(usbpcd_proc_req.o)
                0x004035f8                usbpcd_proc_ctrl_continuous_send
 .text.usbpcd_proc_ctrl_prepare_rxtransfer
                0x00403610       0x20 ../../../../../../../PLAT/prebuild/PLAT/lib/gcc/libusbbl_priv.a(usbpcd_proc_req.o)
                0x00403610                usbpcd_proc_ctrl_prepare_rxtransfer
 .text.usbpcd_proc_ctrl_continuous_rx
                0x00403630       0x10 ../../../../../../../PLAT/prebuild/PLAT/lib/gcc/libusbbl_priv.a(usbpcd_proc_req.o)
                0x00403630                usbpcd_proc_ctrl_continuous_rx
 .text.usbpcd_proc_ctrl_send_stat
                0x00403640       0x20 ../../../../../../../PLAT/prebuild/PLAT/lib/gcc/libusbbl_priv.a(usbpcd_proc_req.o)
                0x00403640                usbpcd_proc_ctrl_send_stat
 .text.usbpcd_proc_ctrl_recv_stat
                0x00403660       0x18 ../../../../../../../PLAT/prebuild/PLAT/lib/gcc/libusbbl_priv.a(usbpcd_proc_req.o)
                0x00403660                usbpcd_proc_ctrl_recv_stat
 .text.__NVIC_DisableIRQ.constprop.0
                0x00403678       0x1a ../../../../../../../PLAT/prebuild/PLAT/lib/gcc/libusbbl_priv.a(usbc_bsp.o)
 .text.__NVIC_EnableIRQ.constprop.0
                0x00403692       0x10 ../../../../../../../PLAT/prebuild/PLAT/lib/gcc/libusbbl_priv.a(usbc_bsp.o)
 .text.GPR_USBCHRST_ResetReq_SetVal
                0x004036a2       0x16 ../../../../../../../PLAT/prebuild/PLAT/lib/gcc/libusbbl_priv.a(usbc_bsp.o)
                0x004036a2                GPR_USBCHRST_ResetReq_SetVal
 .text.GPR_USBCPhy_ResetReq_SetVal
                0x004036b8       0x16 ../../../../../../../PLAT/prebuild/PLAT/lib/gcc/libusbbl_priv.a(usbc_bsp.o)
                0x004036b8                GPR_USBCPhy_ResetReq_SetVal
 .text.GPR_USBPPor_ResetReq_SetVal
                0x004036ce       0x16 ../../../../../../../PLAT/prebuild/PLAT/lib/gcc/libusbbl_priv.a(usbc_bsp.o)
                0x004036ce                GPR_USBPPor_ResetReq_SetVal
 .text.GPR_USBPUtmi_ResetReq_SetVal
                0x004036e4       0x16 ../../../../../../../PLAT/prebuild/PLAT/lib/gcc/libusbbl_priv.a(usbc_bsp.o)
                0x004036e4                GPR_USBPUtmi_ResetReq_SetVal
 .text.GPR_USBPAPB_ResetReq_SetVal
                0x004036fa       0x16 ../../../../../../../PLAT/prebuild/PLAT/lib/gcc/libusbbl_priv.a(usbc_bsp.o)
                0x004036fa                GPR_USBPAPB_ResetReq_SetVal
 .text.RFDIG_SPLL_Clkout_Usb_En_Set
                0x00403710       0x1a ../../../../../../../PLAT/prebuild/PLAT/lib/gcc/libusbbl_priv.a(usbc_bsp.o)
                0x00403710                RFDIG_SPLL_Clkout_Usb_En_Set
 .text.UPMU_USB_PowerUp
                0x0040372a        0xe ../../../../../../../PLAT/prebuild/PLAT/lib/gcc/libusbbl_priv.a(usbc_bsp.o)
                0x0040372a                UPMU_USB_PowerUp
 .text.UPMU_USB_PowerUpClr
                0x00403738        0xe ../../../../../../../PLAT/prebuild/PLAT/lib/gcc/libusbbl_priv.a(usbc_bsp.o)
                0x00403738                UPMU_USB_PowerUpClr
 .text.UPMU_USB_PowerDownClr
                0x00403746        0xe ../../../../../../../PLAT/prebuild/PLAT/lib/gcc/libusbbl_priv.a(usbc_bsp.o)
                0x00403746                UPMU_USB_PowerDownClr
 .text.UPMU_USB_PowerDown
                0x00403754        0xe ../../../../../../../PLAT/prebuild/PLAT/lib/gcc/libusbbl_priv.a(usbc_bsp.o)
                0x00403754                UPMU_USB_PowerDown
 .text.UPMU_UC2UP_SuspdEn_Cfg
                0x00403762        0xc ../../../../../../../PLAT/prebuild/PLAT/lib/gcc/libusbbl_priv.a(usbc_bsp.o)
                0x00403762                UPMU_UC2UP_SuspdEn_Cfg
 .text.UPMU_SuspdSwVal_Cfg
                0x0040376e        0xc ../../../../../../../PLAT/prebuild/PLAT/lib/gcc/libusbbl_priv.a(usbc_bsp.o)
                0x0040376e                UPMU_SuspdSwVal_Cfg
 .text.CheckUsbPowerOn
                0x0040377a       0x12 ../../../../../../../PLAT/prebuild/PLAT/lib/gcc/libusbbl_priv.a(usbc_bsp.o)
                0x0040377a                CheckUsbPowerOn
 .text.CheckUsbPowerDown
                0x0040378c       0x14 ../../../../../../../PLAT/prebuild/PLAT/lib/gcc/libusbbl_priv.a(usbc_bsp.o)
                0x0040378c                CheckUsbPowerDown
 .text.usb_udelay_cycle_div6
                0x004037a0        0xc ../../../../../../../PLAT/prebuild/PLAT/lib/gcc/libusbbl_priv.a(usbc_bsp.o)
                0x004037a0                usb_udelay_cycle_div6
 .text.usbc_ctrl_bsp_udelay
                0x004037ac       0x12 ../../../../../../../PLAT/prebuild/PLAT/lib/gcc/libusbbl_priv.a(usbc_bsp.o)
                0x004037ac                usbc_ctrl_bsp_udelay
 .text.usb_module_powron_seq
                0x004037be       0xea ../../../../../../../PLAT/prebuild/PLAT/lib/gcc/libusbbl_priv.a(usbc_bsp.o)
                0x004037be                usb_module_powron_seq
 .text.usb_module_powrdown_seq
                0x004038a8       0x84 ../../../../../../../PLAT/prebuild/PLAT/lib/gcc/libusbbl_priv.a(usbc_bsp.o)
                0x004038a8                usb_module_powrdown_seq
 .text.usbc_ctrl_bsp_mdelay_unit
                0x0040392c        0x8 ../../../../../../../PLAT/prebuild/PLAT/lib/gcc/libusbbl_priv.a(usbc_bsp.o)
                0x0040392c                usbc_ctrl_bsp_mdelay_unit
 .text.usbc_ctrl_bsp_mdelay
                0x00403934       0x14 ../../../../../../../PLAT/prebuild/PLAT/lib/gcc/libusbbl_priv.a(usbc_bsp.o)
                0x00403934                usbc_ctrl_bsp_mdelay
 .text.usbc_ctrl_bsp_init
                0x00403948        0x4 ../../../../../../../PLAT/prebuild/PLAT/lib/gcc/libusbbl_priv.a(usbc_bsp.o)
                0x00403948                usbc_ctrl_bsp_init
 .text.usbc_ctrl_bsp_deinit
                0x0040394c        0x4 ../../../../../../../PLAT/prebuild/PLAT/lib/gcc/libusbbl_priv.a(usbc_bsp.o)
                0x0040394c                usbc_ctrl_bsp_deinit
 .text.usbc_ctrl_bsp_enable_intr
                0x00403950        0x4 ../../../../../../../PLAT/prebuild/PLAT/lib/gcc/libusbbl_priv.a(usbc_bsp.o)
                0x00403950                usbc_ctrl_bsp_enable_intr
 .text.usbc_ctrl_bsp_disable_intr
                0x00403954        0x4 ../../../../../../../PLAT/prebuild/PLAT/lib/gcc/libusbbl_priv.a(usbc_bsp.o)
                0x00403954                usbc_ctrl_bsp_disable_intr
 .text.USB_IRQ_Handler
                0x00403958        0x4 ../../../../../../../PLAT/prebuild/PLAT/lib/gcc/libusbbl_priv.a(usbc_bsp.o)
                0x00403958                USB_IRQ_Handler
 .text.usbstack_clear_ctx_stat
                0x0040395c       0x26 ../../../../../../../PLAT/prebuild/PLAT/lib/gcc/libusbbl_priv.a(usbc_bsp.o)
                0x0040395c                usbstack_clear_ctx_stat
 .text.usbstack_set_ctx_stat
                0x00403982       0x26 ../../../../../../../PLAT/prebuild/PLAT/lib/gcc/libusbbl_priv.a(usbc_bsp.o)
                0x00403982                usbstack_set_ctx_stat
 .text.usbstack_get_ctx_stat
                0x004039a8       0x22 ../../../../../../../PLAT/prebuild/PLAT/lib/gcc/libusbbl_priv.a(usbc_bsp.o)
                0x004039a8                usbstack_get_ctx_stat
 .text.usbstack_set_ctx_vbus_mode
                0x004039ca       0x26 ../../../../../../../PLAT/prebuild/PLAT/lib/gcc/libusbbl_priv.a(usbc_bsp.o)
                0x004039ca                usbstack_set_ctx_vbus_mode
 .text.usbstack_chk_and_set_ctx
                0x004039f0       0x70 ../../../../../../../PLAT/prebuild/PLAT/lib/gcc/libusbbl_priv.a(usbc_bsp.o)
                0x004039f0                usbstack_chk_and_set_ctx
 .text.usbstack_disconn_chkset_ctx
                0x00403a60       0x2a ../../../../../../../PLAT/prebuild/PLAT/lib/gcc/libusbbl_priv.a(usbc_bsp.o)
                0x00403a60                usbstack_disconn_chkset_ctx
 .text.usbstack_deinit
                0x00403a8a       0x20 ../../../../../../../PLAT/prebuild/PLAT/lib/gcc/libusbbl_priv.a(usbc_bsp.o)
                0x00403a8a                usbstack_deinit
 .text.usbstack_init
                0x00403aaa       0x40 ../../../../../../../PLAT/prebuild/PLAT/lib/gcc/libusbbl_priv.a(usbc_bsp.o)
                0x00403aaa                usbstack_init
 *rndis_protocol.o(.text* .rodata*)
 .text.RndisGetEncBufSize
                0x00403aea        0x4 ../../../../../../../PLAT/gccout/ec618_0h00/ap/bootloader/lib/libdriver.a(rndis_protocol.o)
                0x00403aea                RndisGetEncBufSize
 .text.FuncRndisInitNotify
                0x00403aee        0x2 ../../../../../../../PLAT/gccout/ec618_0h00/ap/bootloader/lib/libdriver.a(rndis_protocol.o)
                0x00403aee                FuncRndisInitNotify
 .text.FuncRndisHaltNotify
                0x00403af0        0x2 ../../../../../../../PLAT/gccout/ec618_0h00/ap/bootloader/lib/libdriver.a(rndis_protocol.o)
                0x00403af0                FuncRndisHaltNotify
 .text.FuncRndisResetNotify
                0x00403af2        0x2 ../../../../../../../PLAT/gccout/ec618_0h00/ap/bootloader/lib/libdriver.a(rndis_protocol.o)
                0x00403af2                FuncRndisResetNotify
 .text.RdsProInitalMsgHdl
                0x00403af4       0x2c ../../../../../../../PLAT/gccout/ec618_0h00/ap/bootloader/lib/libdriver.a(rndis_protocol.o)
                0x00403af4                RdsProInitalMsgHdl
 .text.RdsProQueryCmplt
                0x00403b20       0x26 ../../../../../../../PLAT/gccout/ec618_0h00/ap/bootloader/lib/libdriver.a(rndis_protocol.o)
                0x00403b20                RdsProQueryCmplt
 .text.RdsProQueryCmplt32
                0x00403b46       0x1c ../../../../../../../PLAT/gccout/ec618_0h00/ap/bootloader/lib/libdriver.a(rndis_protocol.o)
                0x00403b46                RdsProQueryCmplt32
 .rodata.RdsProQueryHdl.str1.1
                0x00403b62        0xa ../../../../../../../PLAT/gccout/ec618_0h00/ap/bootloader/lib/libdriver.a(rndis_protocol.o)
 .text.RdsProQueryHdl
                0x00403b6c      0x142 ../../../../../../../PLAT/gccout/ec618_0h00/ap/bootloader/lib/libdriver.a(rndis_protocol.o)
                0x00403b6c                RdsProQueryHdl
 .text.RdsProSetMsgHdl
                0x00403cae       0x72 ../../../../../../../PLAT/gccout/ec618_0h00/ap/bootloader/lib/libdriver.a(rndis_protocol.o)
                0x00403cae                RdsProSetMsgHdl
 .text.RdsProResetMsgHdl
                0x00403d20       0x18 ../../../../../../../PLAT/gccout/ec618_0h00/ap/bootloader/lib/libdriver.a(rndis_protocol.o)
                0x00403d20                RdsProResetMsgHdl
 .text.RdsProKeepAliveMsgHdl
                0x00403d38       0x14 ../../../../../../../PLAT/gccout/ec618_0h00/ap/bootloader/lib/libdriver.a(rndis_protocol.o)
                0x00403d38                RdsProKeepAliveMsgHdl
 .rodata.OIDSupportedList
                0x00403d4c       0x58 ../../../../../../../PLAT/gccout/ec618_0h00/ap/bootloader/lib/libdriver.a(rndis_protocol.o)
                0x00403d4c                OIDSupportedList
 .rodata.permanent_hwaddr
                0x00403da4        0x6 ../../../../../../../PLAT/gccout/ec618_0h00/ap/bootloader/lib/libdriver.a(rndis_protocol.o)
 .rodata.station_hwaddr
                0x00403daa        0x6 ../../../../../../../PLAT/gccout/ec618_0h00/ap/bootloader/lib/libdriver.a(rndis_protocol.o)
 *device_vcom.o(.text* .rodata*)
 .text.usbdev_vcom0_static_clsdev_base
                0x00403db0        0xa ../../../../../../../PLAT/prebuild/PLAT/lib/gcc/libusbbl_priv.a(device_vcom.o)
 .text.usbdev_vcom1_static_clsdev_base
                0x00403dba        0xa ../../../../../../../PLAT/prebuild/PLAT/lib/gcc/libusbbl_priv.a(device_vcom.o)
 .text.usbdev_vcom2_static_clsdev_base
                0x00403dc4        0xa ../../../../../../../PLAT/prebuild/PLAT/lib/gcc/libusbbl_priv.a(device_vcom.o)
 .text.usbdev_vcom3_static_clsdev_base
                0x00403dce        0xa ../../../../../../../PLAT/prebuild/PLAT/lib/gcc/libusbbl_priv.a(device_vcom.o)
 .text.clsdev_ctrl
                0x00403dd8       0x98 ../../../../../../../PLAT/prebuild/PLAT/lib/gcc/libusbbl_priv.a(device_vcom.o)
 .text.dev_serial_vcom_isinit
                0x00403e70       0x14 ../../../../../../../PLAT/prebuild/PLAT/lib/gcc/libusbbl_priv.a(device_vcom.o)
 .text.dev_serial_vcom_init
                0x00403e84       0x7a ../../../../../../../PLAT/prebuild/PLAT/lib/gcc/libusbbl_priv.a(device_vcom.o)
                0x00403e84                dev_serial_vcom_init
 .text.dev_serial_vcom_terminate
                0x00403efe       0x9e ../../../../../../../PLAT/prebuild/PLAT/lib/gcc/libusbbl_priv.a(device_vcom.o)
                0x00403efe                dev_serial_vcom_terminate
 .text.usbdev_vcom0_static_terminate_finish
                0x00403f9c       0x16 ../../../../../../../PLAT/prebuild/PLAT/lib/gcc/libusbbl_priv.a(device_vcom.o)
 .rodata.usbdev_vcom0_static_earlyinit_start.str1.1
                0x00403fb2        0xc ../../../../../../../PLAT/prebuild/PLAT/lib/gcc/libusbbl_priv.a(device_vcom.o)
 .text.usbdev_vcom0_static_earlyinit_start
                0x00403fbe       0x4e ../../../../../../../PLAT/prebuild/PLAT/lib/gcc/libusbbl_priv.a(device_vcom.o)
 .text.usbdev_vcom1_static_terminate_finish
                0x0040400c       0x16 ../../../../../../../PLAT/prebuild/PLAT/lib/gcc/libusbbl_priv.a(device_vcom.o)
 .rodata.usbdev_vcom1_static_earlyinit_start.str1.1
                0x00404022        0xc ../../../../../../../PLAT/prebuild/PLAT/lib/gcc/libusbbl_priv.a(device_vcom.o)
 .text.usbdev_vcom1_static_earlyinit_start
                0x0040402e       0x52 ../../../../../../../PLAT/prebuild/PLAT/lib/gcc/libusbbl_priv.a(device_vcom.o)
 .text.usbdev_vcom2_static_terminate_finish
                0x00404080       0x16 ../../../../../../../PLAT/prebuild/PLAT/lib/gcc/libusbbl_priv.a(device_vcom.o)
 .rodata.usbdev_vcom2_static_earlyinit_start.str1.1
                0x00404096        0xc ../../../../../../../PLAT/prebuild/PLAT/lib/gcc/libusbbl_priv.a(device_vcom.o)
 .text.usbdev_vcom2_static_earlyinit_start
                0x004040a2       0x52 ../../../../../../../PLAT/prebuild/PLAT/lib/gcc/libusbbl_priv.a(device_vcom.o)
 .text.usbdev_vcom3_static_terminate_finish
                0x004040f4       0x16 ../../../../../../../PLAT/prebuild/PLAT/lib/gcc/libusbbl_priv.a(device_vcom.o)
 .rodata.usbdev_vcom3_static_earlyinit_start.str1.1
                0x0040410a        0xc ../../../../../../../PLAT/prebuild/PLAT/lib/gcc/libusbbl_priv.a(device_vcom.o)
 .text.usbdev_vcom3_static_earlyinit_start
                0x00404116       0x5a ../../../../../../../PLAT/prebuild/PLAT/lib/gcc/libusbbl_priv.a(device_vcom.o)
 .text.dev_serial_vcom_autotrig_rx_handler
                0x00404170       0x54 ../../../../../../../PLAT/prebuild/PLAT/lib/gcc/libusbbl_priv.a(device_vcom.o)
 .text.usbdev_vcom0_static_terminate_start
                0x004041c4       0x36 ../../../../../../../PLAT/prebuild/PLAT/lib/gcc/libusbbl_priv.a(device_vcom.o)
 .text.usbdev_vcom1_static_terminate_start
                0x004041fa       0x36 ../../../../../../../PLAT/prebuild/PLAT/lib/gcc/libusbbl_priv.a(device_vcom.o)
 .text.usbdev_vcom2_static_terminate_start
                0x00404230       0x36 ../../../../../../../PLAT/prebuild/PLAT/lib/gcc/libusbbl_priv.a(device_vcom.o)
 .text.usbdev_vcom3_static_terminate_start
                0x00404266       0x36 ../../../../../../../PLAT/prebuild/PLAT/lib/gcc/libusbbl_priv.a(device_vcom.o)
 .text.dev_serial_vcom_connect.isra.0
                0x0040429c       0x42 ../../../../../../../PLAT/prebuild/PLAT/lib/gcc/libusbbl_priv.a(device_vcom.o)
 .text.dev_serial_vcom_clearnotify.isra.0
                0x004042de       0x60 ../../../../../../../PLAT/prebuild/PLAT/lib/gcc/libusbbl_priv.a(device_vcom.o)
 .text.dev_serial_vcom_reset.isra.0
                0x0040433e       0x22 ../../../../../../../PLAT/prebuild/PLAT/lib/gcc/libusbbl_priv.a(device_vcom.o)
 .text.clsdev_reset
                0x00404360        0xc ../../../../../../../PLAT/prebuild/PLAT/lib/gcc/libusbbl_priv.a(device_vcom.o)
 .text.dev_serial_vcom_disconnect.isra.0
                0x0040436c       0x1e ../../../../../../../PLAT/prebuild/PLAT/lib/gcc/libusbbl_priv.a(device_vcom.o)
 .text.clsdev_disconnect
                0x0040438a        0xc ../../../../../../../PLAT/prebuild/PLAT/lib/gcc/libusbbl_priv.a(device_vcom.o)
 .text.clsdev_txbuf_query_or_dlyalloc
                0x00404396       0x1c ../../../../../../../PLAT/prebuild/PLAT/lib/gcc/libusbbl_priv.a(device_vcom.o)
                0x00404396                clsdev_txbuf_query_or_dlyalloc
 .text.clsdev_txbuf_check
                0x004043b2       0x2a ../../../../../../../PLAT/prebuild/PLAT/lib/gcc/libusbbl_priv.a(device_vcom.o)
                0x004043b2                clsdev_txbuf_check
 .text.clsdev_txbuf_query_dlyalloc
                0x004043dc       0x36 ../../../../../../../PLAT/prebuild/PLAT/lib/gcc/libusbbl_priv.a(device_vcom.o)
                0x004043dc                clsdev_txbuf_query_dlyalloc
 .text.clsdev_rxbuf_query_or_dlyalloc
                0x00404412       0x1c ../../../../../../../PLAT/prebuild/PLAT/lib/gcc/libusbbl_priv.a(device_vcom.o)
                0x00404412                clsdev_rxbuf_query_or_dlyalloc
 .text.clsdev_rxbuf_check
                0x0040442e       0x30 ../../../../../../../PLAT/prebuild/PLAT/lib/gcc/libusbbl_priv.a(device_vcom.o)
                0x0040442e                clsdev_rxbuf_check
 .text.clsdev_rxbuf_query_dlyalloc
                0x0040445e       0x36 ../../../../../../../PLAT/prebuild/PLAT/lib/gcc/libusbbl_priv.a(device_vcom.o)
                0x0040445e                clsdev_rxbuf_query_dlyalloc
 .text.dev_serial_vcom_isconnect
                0x00404494       0x14 ../../../../../../../PLAT/prebuild/PLAT/lib/gcc/libusbbl_priv.a(device_vcom.o)
                0x00404494                dev_serial_vcom_isconnect
 .text.dev_serial_txbuf_query_or_dlyalloc
                0x004044a8       0x64 ../../../../../../../PLAT/prebuild/PLAT/lib/gcc/libusbbl_priv.a(device_vcom.o)
                0x004044a8                dev_serial_txbuf_query_or_dlyalloc
 .text.dev_serial_txbuf_check
                0x0040450c       0x2c ../../../../../../../PLAT/prebuild/PLAT/lib/gcc/libusbbl_priv.a(device_vcom.o)
                0x0040450c                dev_serial_txbuf_check
 .text.dev_serial_txbuf_query_dlyalloc
                0x00404538       0x36 ../../../../../../../PLAT/prebuild/PLAT/lib/gcc/libusbbl_priv.a(device_vcom.o)
                0x00404538                dev_serial_txbuf_query_dlyalloc
 .text.dev_serial_rxbuf_query_or_dlyalloc
                0x0040456e       0x64 ../../../../../../../PLAT/prebuild/PLAT/lib/gcc/libusbbl_priv.a(device_vcom.o)
                0x0040456e                dev_serial_rxbuf_query_or_dlyalloc
 .text.dev_serial_rxbuf_check
                0x004045d2       0x2c ../../../../../../../PLAT/prebuild/PLAT/lib/gcc/libusbbl_priv.a(device_vcom.o)
                0x004045d2                dev_serial_rxbuf_check
 .text.dev_serial_rxbuf_query_dlyalloc
                0x004045fe       0x36 ../../../../../../../PLAT/prebuild/PLAT/lib/gcc/libusbbl_priv.a(device_vcom.o)
                0x004045fe                dev_serial_rxbuf_query_dlyalloc
 .text.dev_serial_vcom_dnotify_lnkmd_get_epnum
                0x00404634       0x2a ../../../../../../../PLAT/prebuild/PLAT/lib/gcc/libusbbl_priv.a(device_vcom.o)
                0x00404634                dev_serial_vcom_dnotify_lnkmd_get_epnum
 .text.usbdev_txbuf_check
                0x0040465e       0x5a ../../../../../../../PLAT/prebuild/PLAT/lib/gcc/libusbbl_priv.a(device_vcom.o)
                0x0040465e                usbdev_txbuf_check
 .text.dev_serial_vcom_start_tx_trans
                0x004046b8       0xb2 ../../../../../../../PLAT/prebuild/PLAT/lib/gcc/libusbbl_priv.a(device_vcom.o)
                0x004046b8                dev_serial_vcom_start_tx_trans
 .text.clsdev_iep_tx_handler
                0x0040476a       0x1e ../../../../../../../PLAT/prebuild/PLAT/lib/gcc/libusbbl_priv.a(device_vcom.o)
 .text.usbdev_txbuf_try_dlyalloc
                0x00404788       0x20 ../../../../../../../PLAT/prebuild/PLAT/lib/gcc/libusbbl_priv.a(device_vcom.o)
                0x00404788                usbdev_txbuf_try_dlyalloc
 .text.dev_serial_vcom_get_out_waiting
                0x004047a8       0x32 ../../../../../../../PLAT/prebuild/PLAT/lib/gcc/libusbbl_priv.a(device_vcom.o)
 .text.dev_serial_vcom_poll_tx
                0x004047da       0xd4 ../../../../../../../PLAT/prebuild/PLAT/lib/gcc/libusbbl_priv.a(device_vcom.o)
 .text.dev_serial_vcom_get_out_avail
                0x004048ae       0x38 ../../../../../../../PLAT/prebuild/PLAT/lib/gcc/libusbbl_priv.a(device_vcom.o)
 .text.dev_serial_vcom_send
                0x004048e6       0x56 ../../../../../../../PLAT/prebuild/PLAT/lib/gcc/libusbbl_priv.a(device_vcom.o)
 .text.usbdev_rxbuf_check
                0x0040493c       0x5a ../../../../../../../PLAT/prebuild/PLAT/lib/gcc/libusbbl_priv.a(device_vcom.o)
                0x0040493c                usbdev_rxbuf_check
 .text.clsdev_oep_rx_handler
                0x00404996       0x5e ../../../../../../../PLAT/prebuild/PLAT/lib/gcc/libusbbl_priv.a(device_vcom.o)
 .text.clsdev_connect
                0x004049f4       0x32 ../../../../../../../PLAT/prebuild/PLAT/lib/gcc/libusbbl_priv.a(device_vcom.o)
 .text.usbdev_rxbuf_try_dlyalloc
                0x00404a26       0x20 ../../../../../../../PLAT/prebuild/PLAT/lib/gcc/libusbbl_priv.a(device_vcom.o)
                0x00404a26                usbdev_rxbuf_try_dlyalloc
 .text.dev_serial_vcom_poll_rx
                0x00404a46       0xbe ../../../../../../../PLAT/prebuild/PLAT/lib/gcc/libusbbl_priv.a(device_vcom.o)
 .text.dev_serial_vcom_get_inwaiting
                0x00404b04       0x38 ../../../../../../../PLAT/prebuild/PLAT/lib/gcc/libusbbl_priv.a(device_vcom.o)
 .text.dev_serial_vcom_recv
                0x00404b3c       0x94 ../../../../../../../PLAT/prebuild/PLAT/lib/gcc/libusbbl_priv.a(device_vcom.o)
 .text.serial_vcom0_uplink_get_epnum
                0x00404bd0        0xc ../../../../../../../PLAT/prebuild/PLAT/lib/gcc/libusbbl_priv.a(device_vcom.o)
                0x00404bd0                serial_vcom0_uplink_get_epnum
 .text.serial_vcom0_get_handler
                0x00404bdc        0xa ../../../../../../../PLAT/prebuild/PLAT/lib/gcc/libusbbl_priv.a(device_vcom.o)
                0x00404bdc                serial_vcom0_get_handler
 .text.serial_vcom1_dnotify_lnkmd_get_epnum
                0x00404be6        0xc ../../../../../../../PLAT/prebuild/PLAT/lib/gcc/libusbbl_priv.a(device_vcom.o)
                0x00404be6                serial_vcom1_dnotify_lnkmd_get_epnum
 .text.serial_vcom1_get_handler
                0x00404bf2        0xa ../../../../../../../PLAT/prebuild/PLAT/lib/gcc/libusbbl_priv.a(device_vcom.o)
                0x00404bf2                serial_vcom1_get_handler
 .text.serial_vcom2_dnotify_lnkmd_get_epnum
                0x00404bfc        0xc ../../../../../../../PLAT/prebuild/PLAT/lib/gcc/libusbbl_priv.a(device_vcom.o)
                0x00404bfc                serial_vcom2_dnotify_lnkmd_get_epnum
 .text.serial_vcom2_get_handler
                0x00404c08        0xa ../../../../../../../PLAT/prebuild/PLAT/lib/gcc/libusbbl_priv.a(device_vcom.o)
                0x00404c08                serial_vcom2_get_handler
 .text.vcomx_ptr_from_idx
                0x00404c12       0x1a ../../../../../../../PLAT/prebuild/PLAT/lib/gcc/libusbbl_priv.a(device_vcom.o)
                0x00404c12                vcomx_ptr_from_idx
 .text.vcomx_isconnect
                0x00404c2c       0x12 ../../../../../../../PLAT/prebuild/PLAT/lib/gcc/libusbbl_priv.a(device_vcom.o)
                0x00404c2c                vcomx_isconnect
 .text.vcomx_get_out_avail
                0x00404c3e       0x18 ../../../../../../../PLAT/prebuild/PLAT/lib/gcc/libusbbl_priv.a(device_vcom.o)
                0x00404c3e                vcomx_get_out_avail
 .text.vcomx_poll_tx
                0x00404c56       0x18 ../../../../../../../PLAT/prebuild/PLAT/lib/gcc/libusbbl_priv.a(device_vcom.o)
                0x00404c56                vcomx_poll_tx
 .text.vcomx_send
                0x00404c6e       0x18 ../../../../../../../PLAT/prebuild/PLAT/lib/gcc/libusbbl_priv.a(device_vcom.o)
                0x00404c6e                vcomx_send
 .text.serial_vcom3_dnotify_lnkmd_get_epnum
                0x00404c86        0xc ../../../../../../../PLAT/prebuild/PLAT/lib/gcc/libusbbl_priv.a(device_vcom.o)
                0x00404c86                serial_vcom3_dnotify_lnkmd_get_epnum
 .text.serial_vcom_cmn_chk_match_ulog
                0x00404c92       0x12 ../../../../../../../PLAT/prebuild/PLAT/lib/gcc/libusbbl_priv.a(device_vcom.o)
                0x00404c92                serial_vcom_cmn_chk_match_ulog
 .text.serial_vcom0_chk_match_ulog
                0x00404ca4        0xc ../../../../../../../PLAT/prebuild/PLAT/lib/gcc/libusbbl_priv.a(device_vcom.o)
                0x00404ca4                serial_vcom0_chk_match_ulog
 .text.serial_vcom1_chk_match_ulog
                0x00404cb0        0xc ../../../../../../../PLAT/prebuild/PLAT/lib/gcc/libusbbl_priv.a(device_vcom.o)
                0x00404cb0                serial_vcom1_chk_match_ulog
 .text.serial_vcom2_chk_match_ulog
                0x00404cbc        0xc ../../../../../../../PLAT/prebuild/PLAT/lib/gcc/libusbbl_priv.a(device_vcom.o)
                0x00404cbc                serial_vcom2_chk_match_ulog
 .text.serial_vcom3_chk_match_ulog
                0x00404cc8        0xc ../../../../../../../PLAT/prebuild/PLAT/lib/gcc/libusbbl_priv.a(device_vcom.o)
                0x00404cc8                serial_vcom3_chk_match_ulog
 .text.serial_vcom_cmn_try_tx_dlyalloc
                0x00404cd4       0x28 ../../../../../../../PLAT/prebuild/PLAT/lib/gcc/libusbbl_priv.a(device_vcom.o)
                0x00404cd4                serial_vcom_cmn_try_tx_dlyalloc
 .text.usbdev_vcom0_static_earlyinit_finish
                0x00404cfc       0x42 ../../../../../../../PLAT/prebuild/PLAT/lib/gcc/libusbbl_priv.a(device_vcom.o)
 .text.usbdev_vcom1_static_earlyinit_finish
                0x00404d3e       0x42 ../../../../../../../PLAT/prebuild/PLAT/lib/gcc/libusbbl_priv.a(device_vcom.o)
 .text.usbdev_vcom2_static_earlyinit_finish
                0x00404d80       0x42 ../../../../../../../PLAT/prebuild/PLAT/lib/gcc/libusbbl_priv.a(device_vcom.o)
 .text.usbdev_vcom3_static_earlyinit_finish
                0x00404dc2       0x42 ../../../../../../../PLAT/prebuild/PLAT/lib/gcc/libusbbl_priv.a(device_vcom.o)
 *device_rndis.o(.text* .rodata*)
 .text.clsdev_oep_rx_handler
                0x00404e04        0x4 ../../../../../../../PLAT/prebuild/PLAT/lib/gcc/libusbbl_priv.a(device_rndis.o)
 .text.dev_eth_rndis_init
                0x00404e08        0x8 ../../../../../../../PLAT/prebuild/PLAT/lib/gcc/libusbbl_priv.a(device_rndis.o)
                0x00404e08                dev_eth_rndis_init
 .text.dev_eth_rndis_terminate
                0x00404e10       0x10 ../../../../../../../PLAT/prebuild/PLAT/lib/gcc/libusbbl_priv.a(device_rndis.o)
                0x00404e10                dev_eth_rndis_terminate
 .text.dev_eth_rndis_send
                0x00404e20        0x6 ../../../../../../../PLAT/prebuild/PLAT/lib/gcc/libusbbl_priv.a(device_rndis.o)
 .text.dev_eth_rndis_recv
                0x00404e26        0x4 ../../../../../../../PLAT/prebuild/PLAT/lib/gcc/libusbbl_priv.a(device_rndis.o)
 .text.dev_eth_rndis_rx_submit
                0x00404e2a        0x4 ../../../../../../../PLAT/prebuild/PLAT/lib/gcc/libusbbl_priv.a(device_rndis.o)
 .text.dev_eth_rndis_get_in_waiting
                0x00404e2e        0x4 ../../../../../../../PLAT/prebuild/PLAT/lib/gcc/libusbbl_priv.a(device_rndis.o)
 .text.dev_eth_rndis_get_out_avail
                0x00404e32        0x4 ../../../../../../../PLAT/prebuild/PLAT/lib/gcc/libusbbl_priv.a(device_rndis.o)
 .text.dev_eth_rndis_poll_rx
                0x00404e36        0x4 ../../../../../../../PLAT/prebuild/PLAT/lib/gcc/libusbbl_priv.a(device_rndis.o)
 .text.dev_eth_rndis_poll_tx
                0x00404e3a        0x4 ../../../../../../../PLAT/prebuild/PLAT/lib/gcc/libusbbl_priv.a(device_rndis.o)
 .text.usbdev_rndis0_static_clsdev_base
                0x00404e3e        0xa ../../../../../../../PLAT/prebuild/PLAT/lib/gcc/libusbbl_priv.a(device_rndis.o)
 .text.clsdev_ctrl
                0x00404e48        0xc ../../../../../../../PLAT/prebuild/PLAT/lib/gcc/libusbbl_priv.a(device_rndis.o)
 .text.usbdev_rndis0_static_terminate_finish
                0x00404e54       0x16 ../../../../../../../PLAT/prebuild/PLAT/lib/gcc/libusbbl_priv.a(device_rndis.o)
 .rodata.usbdev_rndis0_static_earlyinit_start.str1.1
                0x00404e6a        0xd ../../../../../../../PLAT/prebuild/PLAT/lib/gcc/libusbbl_priv.a(device_rndis.o)
 *fill*         0x00404e77        0x1 
 .text.usbdev_rndis0_static_earlyinit_start
                0x00404e78       0x44 ../../../../../../../PLAT/prebuild/PLAT/lib/gcc/libusbbl_priv.a(device_rndis.o)
 .text.dev_eth_rndis_isinit.constprop.0
                0x00404ebc       0x1a ../../../../../../../PLAT/prebuild/PLAT/lib/gcc/libusbbl_priv.a(device_rndis.o)
 .text.usbdev_rndis0_static_terminate_start
                0x00404ed6       0x2a ../../../../../../../PLAT/prebuild/PLAT/lib/gcc/libusbbl_priv.a(device_rndis.o)
 .text.clsdev_oep_rx_handler.constprop.0
                0x00404f00        0x4 ../../../../../../../PLAT/prebuild/PLAT/lib/gcc/libusbbl_priv.a(device_rndis.o)
 .text.clsdev_iep_tx_handler
                0x00404f04        0x4 ../../../../../../../PLAT/prebuild/PLAT/lib/gcc/libusbbl_priv.a(device_rndis.o)
 .text.dev_eth_rndis_connect.isra.0
                0x00404f08       0x42 ../../../../../../../PLAT/prebuild/PLAT/lib/gcc/libusbbl_priv.a(device_rndis.o)
 .text.clsdev_connect
                0x00404f4a        0xc ../../../../../../../PLAT/prebuild/PLAT/lib/gcc/libusbbl_priv.a(device_rndis.o)
 .text.dev_eth_rndis_clearnotify.isra.0
                0x00404f56       0x60 ../../../../../../../PLAT/prebuild/PLAT/lib/gcc/libusbbl_priv.a(device_rndis.o)
 .text.dev_eth_rndis_reset.isra.0
                0x00404fb6       0x14 ../../../../../../../PLAT/prebuild/PLAT/lib/gcc/libusbbl_priv.a(device_rndis.o)
 .text.clsdev_reset
                0x00404fca        0xc ../../../../../../../PLAT/prebuild/PLAT/lib/gcc/libusbbl_priv.a(device_rndis.o)
 .text.dev_eth_rndis_disconnect.isra.0
                0x00404fd6       0x1a ../../../../../../../PLAT/prebuild/PLAT/lib/gcc/libusbbl_priv.a(device_rndis.o)
 .text.clsdev_disconnect
                0x00404ff0        0xc ../../../../../../../PLAT/prebuild/PLAT/lib/gcc/libusbbl_priv.a(device_rndis.o)
 .text.dev_eth_rndis_dnotify_lnkmd_get_epnum
                0x00404ffc       0x2a ../../../../../../../PLAT/prebuild/PLAT/lib/gcc/libusbbl_priv.a(device_rndis.o)
                0x00404ffc                dev_eth_rndis_dnotify_lnkmd_get_epnum
 .text.get_eth_rndis0_handler
                0x00405026        0xa ../../../../../../../PLAT/prebuild/PLAT/lib/gcc/libusbbl_priv.a(device_rndis.o)
                0x00405026                get_eth_rndis0_handler
 .text.usbdev_rndis0_static_earlyinit_finish
                0x00405030       0x2c ../../../../../../../PLAT/prebuild/PLAT/lib/gcc/libusbbl_priv.a(device_rndis.o)
 *lib_list.o(.text* .rodata*)
 *lib_rbuf.o(.text* .rodata*)
 .text.rbuf_reset
                0x0040505c        0x6 ../../../../../../../PLAT/prebuild/PLAT/lib/gcc/libusbbl_priv.a(lib_rbuf.o)
                0x0040505c                rbuf_reset
 .text.rbuf_is_inited
                0x00405062        0xa ../../../../../../../PLAT/prebuild/PLAT/lib/gcc/libusbbl_priv.a(lib_rbuf.o)
                0x00405062                rbuf_is_inited
 .text.rbuf_init
                0x0040506c       0x1a ../../../../../../../PLAT/prebuild/PLAT/lib/gcc/libusbbl_priv.a(lib_rbuf.o)
                0x0040506c                rbuf_init
 .text.rbuf_uninit
                0x00405086        0xe ../../../../../../../PLAT/prebuild/PLAT/lib/gcc/libusbbl_priv.a(lib_rbuf.o)
                0x00405086                rbuf_uninit
 .text.rbuf_spare_cnt
                0x00405094       0x18 ../../../../../../../PLAT/prebuild/PLAT/lib/gcc/libusbbl_priv.a(lib_rbuf.o)
                0x00405094                rbuf_spare_cnt
 .text.rbuf_used_cnt
                0x004050ac       0x16 ../../../../../../../PLAT/prebuild/PLAT/lib/gcc/libusbbl_priv.a(lib_rbuf.o)
                0x004050ac                rbuf_used_cnt
 .text.rbuf_put_nb
                0x004050c2       0x60 ../../../../../../../PLAT/prebuild/PLAT/lib/gcc/libusbbl_priv.a(lib_rbuf.o)
                0x004050c2                rbuf_put_nb
 .text.rbuf_get_nb
                0x00405122       0x62 ../../../../../../../PLAT/prebuild/PLAT/lib/gcc/libusbbl_priv.a(lib_rbuf.o)
                0x00405122                rbuf_get_nb
 .text.rbuf_get_part_blank
                0x00405184       0x52 ../../../../../../../PLAT/prebuild/PLAT/lib/gcc/libusbbl_priv.a(lib_rbuf.o)
                0x00405184                rbuf_get_part_blank
 *func_dbg.o(.text* .rodata*)
 .text.func_dbg_record_inep_maxpkt
                0x004051d6        0x2 ../../../../../../../PLAT/prebuild/PLAT/lib/gcc/libusbbl_priv.a(func_dbg.o)
                0x004051d6                func_dbg_record_inep_maxpkt
 *function_vcom.o(.text* .rodata*)
 *function_rndis.o(.text* .rodata*)
 .text.list_init
                0x004051d8        0x6 ../../../../../../../PLAT/prebuild/PLAT/lib/gcc/libusbbl_priv.a(function_rndis.o)
 .text.list_is_empty
                0x004051de        0xa ../../../../../../../PLAT/prebuild/PLAT/lib/gcc/libusbbl_priv.a(function_rndis.o)
 .text.list_insert_before
                0x004051e8        0xe ../../../../../../../PLAT/prebuild/PLAT/lib/gcc/libusbbl_priv.a(function_rndis.o)